[INFO] Scanning for projects...
[INFO] 
[INFO] ------------------< nttdata.beca:personal-julius-api >------------------
[INFO] Building Personal Julius API 0.0.1-SNAPSHOT
[INFO]   from pom.xml
[INFO] --------------------------------[ jar ]---------------------------------
[INFO] 
[INFO] --- jacoco:0.8.12:prepare-agent (default) @ personal-julius-api ---
[INFO] argLine set to -javaagent:C:\\Users\\isa\\.m2\\repository\\org\\jacoco\\org.jacoco.agent\\0.8.12\\org.jacoco.agent-0.8.12-runtime.jar=destfile=C:\\Users\\isa\\NTTData\\target\\jacoco.exec
[INFO] 
[INFO] --- resources:3.3.1:resources (default-resources) @ personal-julius-api ---
[INFO] Copying 1 resource from src\main\resources to target\classes
[INFO] Copying 0 resource from src\main\resources to target\classes
[INFO] 
[INFO] --- compiler:3.14.1:compile (default-compile) @ personal-julius-api ---
[INFO] Nothing to compile - all classes are up to date.
[INFO] 
[INFO] --- resources:3.3.1:testResources (default-testResources) @ personal-julius-api ---
[INFO] Copying 1 resource from src\test\resources to target\test-classes
[INFO] 
[INFO] --- compiler:3.14.1:testCompile (default-testCompile) @ personal-julius-api ---
[INFO] Nothing to compile - all classes are up to date.
[INFO] 
[INFO] --- surefire:3.5.4:test (default-test) @ personal-julius-api ---
[INFO] Using auto detected provider org.apache.maven.surefire.junitplatform.JUnitPlatformProvider
[INFO] 
[INFO] -------------------------------------------------------
[INFO]  T E S T S
[INFO] -------------------------------------------------------
[INFO] Running nttdata.personal.julius.api.infrastructure.messaging.kafka.KafkaIntegrationTest
19:42:50.918 [main] INFO org.springframework.test.context.support.AnnotationConfigContextLoaderUtils -- Could not detect default configuration classes for test class [nttdata.personal.julius.api.infrastructure.messaging.kafka.KafkaIntegrationTest]: KafkaIntegrationTest does not declare any static, non-private, non-final, nested classes annotated with @Configuration.
19:42:51.165 [main] INFO org.springframework.boot.test.context.SpringBootTestContextBootstrapper -- Found @SpringBootConfiguration nttdata.personal.julius.api.PersonalJuliusApiApplication for test class nttdata.personal.julius.api.infrastructure.messaging.kafka.KafkaIntegrationTest
19:42:51.525 [main] INFO org.springframework.boot.devtools.restart.RestartApplicationListener -- Restart disabled due to context in which it is running

  .   ____          _            __ _ _
 /\\ / ___'_ __ _ _(_)_ __  __ _ \ \ \ \
( ( )\___ | '_ | '_| | '_ \/ _` | \ \ \ \
 \\/  ___)| |_)| | | | | || (_| |  ) ) ) )
  '  |____| .__|_| |_|_| |_\__, | / / / /
 =========|_|==============|___/=/_/_/_/

 :: Spring Boot ::                (v4.0.1)

2026-01-24T19:42:52.332-03:00  INFO 25408 --- [personal-julius-api] [           main] o.a.k.server.logger.LoggingController    : No supported logging implementation found. Logging configuration endpoint will be disabled.
2026-01-24T19:42:52.389-03:00  INFO 25408 --- [personal-julius-api] [           main] k.utils.Log4jControllerRegistration$     : Registered `kafka:type=kafka.Log4jController` MBean
Formatting metadata directory C:\Users\isa\AppData\Local\Temp\kafka-8605707824903620699\combined_0_0 with metadata.version 4.2-IV1.
2026-01-24T19:42:52.915-03:00  INFO 25408 --- [personal-julius-api] [ster-test-kit-4] kafka.server.BrokerServer                : [BrokerServer id=0] Transition from SHUTDOWN to STARTING
2026-01-24T19:42:52.915-03:00  INFO 25408 --- [personal-julius-api] [ster-test-kit-3] kafka.server.ControllerServer            : [ControllerServer id=0] Starting controller
2026-01-24T19:42:52.918-03:00  INFO 25408 --- [personal-julius-api] [ster-test-kit-4] kafka.server.SharedServer                : [SharedServer id=0] Starting SharedServer
2026-01-24T19:42:53.045-03:00  INFO 25408 --- [personal-julius-api] [ster-test-kit-4] o.a.k.storage.internals.log.UnifiedLog   : [LogLoader partition=__cluster_metadata-0, dir=C:\Users\isa\AppData\Local\Temp\kafka-8605707824903620699\combined_0_0] Loading producer state till offset 0
2026-01-24T19:42:53.045-03:00  INFO 25408 --- [personal-julius-api] [ster-test-kit-4] o.a.k.storage.internals.log.UnifiedLog   : [LogLoader partition=__cluster_metadata-0, dir=C:\Users\isa\AppData\Local\Temp\kafka-8605707824903620699\combined_0_0] Reloading from producer snapshot and rebuilding producer state from offset 0
2026-01-24T19:42:53.046-03:00  INFO 25408 --- [personal-julius-api] [ster-test-kit-4] o.a.k.storage.internals.log.UnifiedLog   : [LogLoader partition=__cluster_metadata-0, dir=C:\Users\isa\AppData\Local\Temp\kafka-8605707824903620699\combined_0_0] Producer state recovery took 0ms for snapshot load and 0ms for segment recovery from offset 0
2026-01-24T19:42:53.081-03:00  INFO 25408 --- [personal-julius-api] [ster-test-kit-4] kafka.raft.KafkaMetadataLog$             : Initialized snapshots with IDs SortedSet() from C:\Users\isa\AppData\Local\Temp\kafka-8605707824903620699\combined_0_0\__cluster_metadata-0
2026-01-24T19:42:53.129-03:00  INFO 25408 --- [personal-julius-api] [piration-reaper] ExpirationService$ExpiredOperationReaper : [raft-expiration-reaper]: Starting
2026-01-24T19:42:53.148-03:00  INFO 25408 --- [personal-julius-api] [ster-test-kit-4] org.apache.kafka.raft.KafkaRaftClient    : [RaftManager id=0] Reading KRaft snapshot and log as part of the initialization
2026-01-24T19:42:53.151-03:00  INFO 25408 --- [personal-julius-api] [ster-test-kit-4] org.apache.kafka.raft.KafkaRaftClient    : [RaftManager id=0] Starting voters are VoterSet(voters={0=VoterNode(voterKey=ReplicaKey(id=0, directoryId=<undefined>), listeners=Endpoints(endpoints={ListenerName(CONTROLLER)=localhost/127.0.0.1:50944}), supportedKRaftVersion=SupportedVersionRange[min_version:0, max_version:0])})
2026-01-24T19:42:53.154-03:00  INFO 25408 --- [personal-julius-api] [ster-test-kit-4] org.apache.kafka.raft.KafkaRaftClient    : [RaftManager id=0] Starting request manager with static voters: [localhost:50944 (id: 0 rack: null isFenced: false)]
2026-01-24T19:42:53.163-03:00  INFO 25408 --- [personal-julius-api] [ster-test-kit-4] org.apache.kafka.raft.QuorumState        : [RaftManager id=0] Attempting durable transition to UnattachedState(epoch=0, leaderId=OptionalInt.empty, votedKey=Optional.empty, voters=[0], electionTimeoutMs=1480, highWatermark=Optional.empty) from null
2026-01-24T19:42:53.212-03:00  INFO 25408 --- [personal-julius-api] [ster-test-kit-4] org.apache.kafka.raft.QuorumState        : [RaftManager id=0] Completed transition to UnattachedState(epoch=0, leaderId=OptionalInt.empty, votedKey=Optional.empty, voters=[0], electionTimeoutMs=1480, highWatermark=Optional.empty) from null
2026-01-24T19:42:53.221-03:00  INFO 25408 --- [personal-julius-api] [ster-test-kit-4] org.apache.kafka.raft.QuorumState        : [RaftManager id=0] Completed transition to ProspectiveState(epoch=0, leaderId=OptionalInt.empty, votedKey=Optional.empty, epochElection=EpochElection(voterStates={0=VoterState(replicaKey=ReplicaKey(id=0, directoryId=<undefined>), state=GRANTED)}), electionTimeoutMs=1406, highWatermark=Optional.empty) from UnattachedState(epoch=0, leaderId=OptionalInt.empty, votedKey=Optional.empty, voters=[0], electionTimeoutMs=1480, highWatermark=Optional.empty)
2026-01-24T19:42:53.225-03:00  INFO 25408 --- [personal-julius-api] [ster-test-kit-4] org.apache.kafka.raft.QuorumState        : [RaftManager id=0] Attempting durable transition to CandidateState(localId=0, localDirectoryId=Qh96O-IfLc7d2PstmD0_DQ, epoch=1, epochElection=EpochElection(voterStates={0=VoterState(replicaKey=ReplicaKey(id=0, directoryId=<undefined>), state=GRANTED)}), highWatermark=Optional.empty, electionTimeoutMs=1846) from ProspectiveState(epoch=0, leaderId=OptionalInt.empty, votedKey=Optional.empty, epochElection=EpochElection(voterStates={0=VoterState(replicaKey=ReplicaKey(id=0, directoryId=<undefined>), state=GRANTED)}), electionTimeoutMs=1406, highWatermark=Optional.empty)
2026-01-24T19:42:53.228-03:00  INFO 25408 --- [personal-julius-api] [ster-test-kit-4] org.apache.kafka.raft.QuorumState        : [RaftManager id=0] Completed transition to CandidateState(localId=0, localDirectoryId=Qh96O-IfLc7d2PstmD0_DQ, epoch=1, epochElection=EpochElection(voterStates={0=VoterState(replicaKey=ReplicaKey(id=0, directoryId=<undefined>), state=GRANTED)}), highWatermark=Optional.empty, electionTimeoutMs=1846) from ProspectiveState(epoch=0, leaderId=OptionalInt.empty, votedKey=Optional.empty, epochElection=EpochElection(voterStates={0=VoterState(replicaKey=ReplicaKey(id=0, directoryId=<undefined>), state=GRANTED)}), electionTimeoutMs=1406, highWatermark=Optional.empty)
2026-01-24T19:42:53.234-03:00  INFO 25408 --- [personal-julius-api] [ster-test-kit-4] org.apache.kafka.raft.QuorumState        : [RaftManager id=0] Attempting durable transition to Leader(localVoterNode=VoterNode(voterKey=ReplicaKey(id=0, directoryId=Qh96O-IfLc7d2PstmD0_DQ), listeners=Endpoints(endpoints={}), supportedKRaftVersion=SupportedVersionRange[min_version:0, max_version:1]), epoch=1, epochStartOffset=0, highWatermark=Optional.empty, voterStates={0=ReplicaState(replicaKey=ReplicaKey(id=0, directoryId=<undefined>), endOffset=Optional.empty, lastFetchTimestamp=-1, lastCaughtUpTimestamp=-1, hasAcknowledgedLeader=true)}) from CandidateState(localId=0, localDirectoryId=Qh96O-IfLc7d2PstmD0_DQ, epoch=1, epochElection=EpochElection(voterStates={0=VoterState(replicaKey=ReplicaKey(id=0, directoryId=<undefined>), state=GRANTED)}), highWatermark=Optional.empty, electionTimeoutMs=1846)
2026-01-24T19:42:53.237-03:00  INFO 25408 --- [personal-julius-api] [ster-test-kit-4] org.apache.kafka.raft.QuorumState        : [RaftManager id=0] Completed transition to Leader(localVoterNode=VoterNode(voterKey=ReplicaKey(id=0, directoryId=Qh96O-IfLc7d2PstmD0_DQ), listeners=Endpoints(endpoints={}), supportedKRaftVersion=SupportedVersionRange[min_version:0, max_version:1]), epoch=1, epochStartOffset=0, highWatermark=Optional.empty, voterStates={0=ReplicaState(replicaKey=ReplicaKey(id=0, directoryId=<undefined>), endOffset=Optional.empty, lastFetchTimestamp=-1, lastCaughtUpTimestamp=-1, hasAcknowledgedLeader=true)}) from CandidateState(localId=0, localDirectoryId=Qh96O-IfLc7d2PstmD0_DQ, epoch=1, epochElection=EpochElection(voterStates={0=VoterState(replicaKey=ReplicaKey(id=0, directoryId=<undefined>), state=GRANTED)}), highWatermark=Optional.empty, electionTimeoutMs=1846)
2026-01-24T19:42:53.257-03:00  INFO 25408 --- [personal-julius-api] [-raft-io-thread] o.a.kafka.raft.KafkaRaftClientDriver     : [kafka-0-raft-io-thread]: Starting
2026-01-24T19:42:53.257-03:00  INFO 25408 --- [personal-julius-api] [-request-thread] o.a.k.r.KafkaNetworkChannel$SendThread   : [kafka-0-raft-outbound-request-thread]: Starting
2026-01-24T19:42:53.295-03:00  INFO 25408 --- [personal-julius-api] [r-event-handler] o.a.kafka.image.loader.MetadataLoader    : [MetadataLoader id=0] initializeNewPublishers: the loader is still catching up because we still don't know the high water mark yet.
2026-01-24T19:42:53.298-03:00  INFO 25408 --- [personal-julius-api] [ster-test-kit-4] kafka.server.BrokerServer                : [BrokerServer id=0] Starting broker
2026-01-24T19:42:53.299-03:00  INFO 25408 --- [personal-julius-api] [-raft-io-thread] org.apache.kafka.raft.LeaderState        : [RaftManager id=0] High watermark set to LogOffsetMetadata(offset=1, metadata=Optional[(segmentBaseOffset=0,relativePositionInSegment=91)]) for the first time for epoch 1 based on indexOfHw 0 and voters [ReplicaState(replicaKey=ReplicaKey(id=0, directoryId=<undefined>), endOffset=Optional[LogOffsetMetadata(offset=1, metadata=Optional[(segmentBaseOffset=0,relativePositionInSegment=91)])], lastFetchTimestamp=-1, lastCaughtUpTimestamp=-1, hasAcknowledgedLeader=true)]
2026-01-24T19:42:53.315-03:00  INFO 25408 --- [personal-julius-api] [-raft-io-thread] org.apache.kafka.raft.KafkaRaftClient    : [RaftManager id=0] Registered the listener org.apache.kafka.image.loader.MetadataLoader@1789247632
2026-01-24T19:42:53.317-03:00  INFO 25408 --- [personal-julius-api] [-raft-io-thread] org.apache.kafka.raft.KafkaRaftClient    : [RaftManager id=0] Setting the next offset of org.apache.kafka.image.loader.MetadataLoader@1789247632 to 0 since there are no snapshots
2026-01-24T19:42:53.318-03:00  INFO 25408 --- [personal-julius-api] [nelReaper-Fetch] lientQuotaManager$ThrottledChannelReaper : [broker-0-ThrottledChannelReaper-Fetch]: Starting
2026-01-24T19:42:53.318-03:00  INFO 25408 --- [personal-julius-api] [lReaper-Produce] lientQuotaManager$ThrottledChannelReaper : [broker-0-ThrottledChannelReaper-Produce]: Starting
2026-01-24T19:42:53.320-03:00  INFO 25408 --- [personal-julius-api] [lReaper-Request] lientQuotaManager$ThrottledChannelReaper : [broker-0-ThrottledChannelReaper-Request]: Starting
2026-01-24T19:42:53.322-03:00  INFO 25408 --- [personal-julius-api] [r-event-handler] o.a.kafka.image.loader.MetadataLoader    : [MetadataLoader id=0] maybePublishMetadata(LOG_DELTA): The loader is still catching up because we have not loaded a controller record as of offset 0 and high water mark is 1
2026-01-24T19:42:53.322-03:00  INFO 25408 --- [personal-julius-api] [trollerMutation] lientQuotaManager$ThrottledChannelReaper : [broker-0-ThrottledChannelReaper-ControllerMutation]: Starting
2026-01-24T19:42:53.402-03:00  INFO 25408 --- [personal-julius-api] [r-event-handler] o.a.kafka.image.loader.MetadataLoader    : [MetadataLoader id=0] initializeNewPublishers: The loader is still catching up because we have not loaded a controller record as of offset 0 and high water mark is 1
2026-01-24T19:42:53.413-03:00  INFO 25408 --- [personal-julius-api] [ster-test-kit-4] kafka.server.BrokerServer                : [BrokerServer id=0] Waiting for controller quorum voters future
2026-01-24T19:42:53.413-03:00  INFO 25408 --- [personal-julius-api] [ster-test-kit-4] kafka.server.BrokerServer                : [BrokerServer id=0] Finished waiting for controller quorum voters future
2026-01-24T19:42:53.425-03:00  INFO 25408 --- [personal-julius-api] [channel-manager] k.server.NodeToControllerRequestThread   : [broker-0-to-controller-forwarding-channel-manager]: Starting
2026-01-24T19:42:53.427-03:00  INFO 25408 --- [personal-julius-api] [channel-manager] k.server.NodeToControllerRequestThread   : [broker-0-to-controller-forwarding-channel-manager]: Recorded new KRaft controller, from now on will use node localhost:50944 (id: 0 rack: null isFenced: false)
2026-01-24T19:42:53.443-03:00  INFO 25408 --- [personal-julius-api] [-metrics-reaper] o.a.k.s.u.t.SystemTimerReaper$Reaper     : [client-metrics-reaper]: Starting
2026-01-24T19:42:53.510-03:00  INFO 25408 --- [personal-julius-api] [r-event-handler] o.a.kafka.image.loader.MetadataLoader    : [MetadataLoader id=0] initializeNewPublishers: The loader is still catching up because we have not loaded a controller record as of offset 0 and high water mark is 1
2026-01-24T19:42:53.617-03:00  INFO 25408 --- [personal-julius-api] [r-event-handler] o.a.kafka.image.loader.MetadataLoader    : [MetadataLoader id=0] initializeNewPublishers: The loader is still catching up because we have not loaded a controller record as of offset 0 and high water mark is 1
2026-01-24T19:42:53.674-03:00  INFO 25408 --- [personal-julius-api] [ster-test-kit-3] kafka.network.ConnectionQuotas           : Updated connection-accept-rate max connection creation rate to 2147483647
2026-01-24T19:42:53.674-03:00  INFO 25408 --- [personal-julius-api] [ster-test-kit-4] kafka.network.ConnectionQuotas           : Updated connection-accept-rate max connection creation rate to 2147483647
2026-01-24T19:42:53.681-03:00  INFO 25408 --- [personal-julius-api] [ster-test-kit-4] kafka.network.DataPlaneAcceptor          : Awaiting socket connections on localhost:50945.
2026-01-24T19:42:53.681-03:00  INFO 25408 --- [personal-julius-api] [ster-test-kit-3] kafka.network.DataPlaneAcceptor          : Awaiting socket connections on localhost:50944.
2026-01-24T19:42:53.682-03:00  INFO 25408 --- [personal-julius-api] [ster-test-kit-4] kafka.network.DataPlaneAcceptor          : Opened wildcard endpoint localhost:50945
2026-01-24T19:42:53.682-03:00  INFO 25408 --- [personal-julius-api] [ster-test-kit-3] kafka.network.DataPlaneAcceptor          : Opened wildcard endpoint localhost:50944
2026-01-24T19:42:53.717-03:00  INFO 25408 --- [personal-julius-api] [ster-test-kit-3] kafka.network.SocketServer               : [SocketServer listenerType=CONTROLLER, nodeId=0] Created data-plane acceptor and processors for endpoint : ListenerName(CONTROLLER)
2026-01-24T19:42:53.717-03:00  INFO 25408 --- [personal-julius-api] [ster-test-kit-4] kafka.network.SocketServer               : [SocketServer listenerType=BROKER, nodeId=0] Created data-plane acceptor and processors for endpoint : ListenerName(EXTERNAL)
2026-01-24T19:42:53.721-03:00  INFO 25408 --- [personal-julius-api] [ster-test-kit-4] org.apache.kafka.metadata.ListenerInfo   : EXTERNAL: resolved ephemeral port to 50945
2026-01-24T19:42:53.721-03:00  INFO 25408 --- [personal-julius-api] [ster-test-kit-3] org.apache.kafka.metadata.ListenerInfo   : CONTROLLER: resolved ephemeral port to 50944
2026-01-24T19:42:53.726-03:00  INFO 25408 --- [personal-julius-api] [r-event-handler] o.a.kafka.image.loader.MetadataLoader    : [MetadataLoader id=0] initializeNewPublishers: The loader is still catching up because we have not loaded a controller record as of offset 0 and high water mark is 1
2026-01-24T19:42:53.729-03:00  INFO 25408 --- [personal-julius-api] [channel-manager] k.server.NodeToControllerRequestThread   : [broker-0-to-controller-alter-partition-channel-manager]: Starting
2026-01-24T19:42:53.730-03:00  INFO 25408 --- [personal-julius-api] [ster-test-kit-3] o.a.k.s.network.EndpointReadyFutures     : authorizerStart completed for endpoint CONTROLLER. Endpoint is now READY.
2026-01-24T19:42:53.730-03:00  INFO 25408 --- [personal-julius-api] [channel-manager] k.server.NodeToControllerRequestThread   : [broker-0-to-controller-alter-partition-channel-manager]: Recorded new KRaft controller, from now on will use node localhost:50944 (id: 0 rack: null isFenced: false)
2026-01-24T19:42:53.731-03:00  INFO 25408 --- [personal-julius-api] [ster-test-kit-3] kafka.server.ControllerServer            : [ControllerServer id=0] Waiting for controller quorum voters future
2026-01-24T19:42:53.731-03:00  INFO 25408 --- [personal-julius-api] [ster-test-kit-3] kafka.server.ControllerServer            : [ControllerServer id=0] Finished waiting for controller quorum voters future
2026-01-24T19:42:53.747-03:00  INFO 25408 --- [personal-julius-api] [channel-manager] k.server.NodeToControllerRequestThread   : [broker-0-to-controller-directory-assignments-channel-manager]: Starting
2026-01-24T19:42:53.747-03:00  INFO 25408 --- [personal-julius-api] [channel-manager] k.server.NodeToControllerRequestThread   : [broker-0-to-controller-directory-assignments-channel-manager]: Recorded new KRaft controller, from now on will use node localhost:50944 (id: 0 rack: null isFenced: false)
2026-01-24T19:42:53.775-03:00  INFO 25408 --- [personal-julius-api] [eaper-0-Produce] perationPurgatory$ExpiredOperationReaper : [ExpirationReaper-0-Produce]: Starting
2026-01-24T19:42:53.776-03:00  INFO 25408 --- [personal-julius-api] [nReaper-0-Fetch] perationPurgatory$ExpiredOperationReaper : [ExpirationReaper-0-Fetch]: Starting
2026-01-24T19:42:53.776-03:00  INFO 25408 --- [personal-julius-api] [0-DeleteRecords] perationPurgatory$ExpiredOperationReaper : [ExpirationReaper-0-DeleteRecords]: Starting
2026-01-24T19:42:53.777-03:00  INFO 25408 --- [personal-julius-api] [r-0-RemoteFetch] perationPurgatory$ExpiredOperationReaper : [ExpirationReaper-0-RemoteFetch]: Starting
2026-01-24T19:42:53.777-03:00  INFO 25408 --- [personal-julius-api] [moteListOffsets] perationPurgatory$ExpiredOperationReaper : [ExpirationReaper-0-RemoteListOffsets]: Starting
2026-01-24T19:42:53.778-03:00  INFO 25408 --- [personal-julius-api] [er-0-ShareFetch] perationPurgatory$ExpiredOperationReaper : [ExpirationReaper-0-ShareFetch]: Starting
2026-01-24T19:42:53.803-03:00  INFO 25408 --- [personal-julius-api] [rdinator-reaper] o.a.k.s.u.t.SystemTimerReaper$Reaper     : [share-coordinator-reaper]: Starting
2026-01-24T19:42:53.809-03:00  INFO 25408 --- [personal-julius-api] [ster-test-kit-3] o.a.k.c.PeriodicTaskControlManager       : [QuorumController id=0] Registering periodic task writeNoOpRecord to run every 500 ms
2026-01-24T19:42:53.809-03:00  INFO 25408 --- [personal-julius-api] [ster-test-kit-3] o.a.k.c.PeriodicTaskControlManager       : [QuorumController id=0] Registering periodic task maybeFenceStaleBroker to run every 1125 ms
2026-01-24T19:42:53.811-03:00  INFO 25408 --- [personal-julius-api] [ster-test-kit-3] o.a.k.c.PeriodicTaskControlManager       : [QuorumController id=0] Registering periodic task electPreferred to run every 300000 ms
2026-01-24T19:42:53.811-03:00  INFO 25408 --- [personal-julius-api] [ster-test-kit-3] o.a.k.c.PeriodicTaskControlManager       : [QuorumController id=0] Registering periodic task electUnclean to run every 300000 ms
2026-01-24T19:42:53.811-03:00  INFO 25408 --- [personal-julius-api] [ster-test-kit-3] o.a.k.c.PeriodicTaskControlManager       : [QuorumController id=0] Registering periodic task expireDelegationTokens to run every 3600000 ms
2026-01-24T19:42:53.812-03:00  INFO 25408 --- [personal-julius-api] [ster-test-kit-3] o.a.k.c.PeriodicTaskControlManager       : [QuorumController id=0] Registering periodic task generatePeriodicPerformanceMessage to run every 60000 ms
2026-01-24T19:42:53.814-03:00  INFO 25408 --- [personal-julius-api] [ster-test-kit-3] o.a.kafka.controller.QuorumController    : [QuorumController id=0] Creating new QuorumController with clusterId RBOfXYS4Ttq2wy-G5Ld91Q
2026-01-24T19:42:53.814-03:00  INFO 25408 --- [personal-julius-api] [-raft-io-thread] org.apache.kafka.raft.KafkaRaftClient    : [RaftManager id=0] Registered the listener org.apache.kafka.controller.QuorumController$QuorumMetaLogListener@797582056
2026-01-24T19:42:53.815-03:00  INFO 25408 --- [personal-julius-api] [-raft-io-thread] org.apache.kafka.raft.KafkaRaftClient    : [RaftManager id=0] Setting the next offset of org.apache.kafka.controller.QuorumController$QuorumMetaLogListener@797582056 to 0 since there are no snapshots
2026-01-24T19:42:53.815-03:00  INFO 25408 --- [personal-julius-api] [nelReaper-Fetch] lientQuotaManager$ThrottledChannelReaper : [controller-0-ThrottledChannelReaper-Fetch]: Starting
2026-01-24T19:42:53.815-03:00  INFO 25408 --- [personal-julius-api] [lReaper-Produce] lientQuotaManager$ThrottledChannelReaper : [controller-0-ThrottledChannelReaper-Produce]: Starting
2026-01-24T19:42:53.816-03:00  INFO 25408 --- [personal-julius-api] [trollerMutation] lientQuotaManager$ThrottledChannelReaper : [controller-0-ThrottledChannelReaper-ControllerMutation]: Starting
2026-01-24T19:42:53.816-03:00  INFO 25408 --- [personal-julius-api] [lReaper-Request] lientQuotaManager$ThrottledChannelReaper : [controller-0-ThrottledChannelReaper-Request]: Starting
2026-01-24T19:42:53.818-03:00  INFO 25408 --- [personal-julius-api] [0-event-handler] o.a.kafka.controller.QuorumController    : [QuorumController id=0] Becoming the active controller at epoch 1, next write offset 1.
2026-01-24T19:42:53.834-03:00  WARN 25408 --- [personal-julius-api] [0-event-handler] o.a.kafka.controller.QuorumController    : [QuorumController id=0] Performing controller activation. The metadata log appears to be empty. Appending 6 bootstrap record(s) in metadata transaction at metadata.version 4.2-IV1 from bootstrap source 'testkit'.
2026-01-24T19:42:53.835-03:00  INFO 25408 --- [personal-julius-api] [r-event-handler] o.a.kafka.image.loader.MetadataLoader    : [MetadataLoader id=0] initializeNewPublishers: The loader is still catching up because we have not loaded a controller record as of offset 0 and high water mark is 1
2026-01-24T19:42:53.839-03:00  INFO 25408 --- [personal-julius-api] [0-event-handler] o.a.k.controller.OffsetControlManager    : [QuorumController id=0] Replayed BeginTransactionRecord(name='Bootstrap records') at offset 1.
2026-01-24T19:42:53.840-03:00  INFO 25408 --- [personal-julius-api] [0-event-handler] o.a.k.controller.FeatureControlManager   : [QuorumController id=0] Replayed a FeatureLevelRecord setting metadata.version to 4.2-IV1
2026-01-24T19:42:53.842-03:00  INFO 25408 --- [personal-julius-api] [0-event-handler] o.a.k.controller.FeatureControlManager   : [QuorumController id=0] Replayed a FeatureLevelRecord setting feature eligible.leader.replicas.version to 1
2026-01-24T19:42:53.842-03:00  INFO 25408 --- [personal-julius-api] [0-event-handler] o.a.k.controller.FeatureControlManager   : [QuorumController id=0] Replayed a FeatureLevelRecord setting feature group.version to 1
2026-01-24T19:42:53.843-03:00  INFO 25408 --- [personal-julius-api] [0-event-handler] o.a.k.controller.FeatureControlManager   : [QuorumController id=0] Replayed a FeatureLevelRecord setting feature share.version to 1
2026-01-24T19:42:53.843-03:00  INFO 25408 --- [personal-julius-api] [0-event-handler] o.a.k.controller.FeatureControlManager   : [QuorumController id=0] Replayed a FeatureLevelRecord setting feature streams.version to 1
2026-01-24T19:42:53.843-03:00  INFO 25408 --- [personal-julius-api] [0-event-handler] o.a.k.controller.FeatureControlManager   : [QuorumController id=0] Replayed a FeatureLevelRecord setting feature transaction.version to 2
2026-01-24T19:42:53.843-03:00  INFO 25408 --- [personal-julius-api] [per-0-AlterAcls] perationPurgatory$ExpiredOperationReaper : [ExpirationReaper-0-AlterAcls]: Starting
2026-01-24T19:42:53.843-03:00  INFO 25408 --- [personal-julius-api] [0-event-handler] o.a.k.c.ConfigurationControlManager      : [QuorumController id=0] Replayed ConfigRecord for ConfigResource(type=BROKER, name='') which set configuration min.insync.replicas to 1
2026-01-24T19:42:53.843-03:00  INFO 25408 --- [personal-julius-api] [0-event-handler] o.a.k.controller.OffsetControlManager    : [QuorumController id=0] Replayed EndTransactionRecord() at offset 9.
2026-01-24T19:42:53.845-03:00  INFO 25408 --- [personal-julius-api] [0-event-handler] o.a.k.c.PeriodicTaskControlManager       : [QuorumController id=0] Activated periodic tasks: electPreferred, electUnclean, expireDelegationTokens, generatePeriodicPerformanceMessage, maybeFenceStaleBroker, writeNoOpRecord
2026-01-24T19:42:53.849-03:00  INFO 25408 --- [personal-julius-api] [ent-processor-0] eadedEventProcessor$EventProcessorThread : [share-coordinator-event-processor-0]: Starting
2026-01-24T19:42:53.860-03:00  INFO 25408 --- [personal-julius-api] [-manager-reaper] o.a.k.s.u.t.SystemTimerReaper$Reaper     : [persister-state-manager-reaper]: Starting
2026-01-24T19:42:53.862-03:00  INFO 25408 --- [personal-julius-api] [terStateManager] k.s.s.p.PersisterStateManager$SendThread : [PersisterStateManager]: Starting
2026-01-24T19:42:53.862-03:00  INFO 25408 --- [personal-julius-api] [ster-test-kit-3] kafka.server.ControllerServer            : [ControllerServer id=0] Waiting for the controller metadata publishers to be installed
2026-01-24T19:42:53.862-03:00  INFO 25408 --- [personal-julius-api] [r-event-handler] o.a.kafka.image.loader.MetadataLoader    : [MetadataLoader id=0] initializeNewPublishers: The loader is still catching up because we have not loaded a controller record as of offset 0 and high water mark is 1
2026-01-24T19:42:53.862-03:00  INFO 25408 --- [personal-julius-api] [ster-test-kit-3] kafka.server.ControllerServer            : [ControllerServer id=0] Finished waiting for the controller metadata publishers to be installed
2026-01-24T19:42:53.862-03:00  INFO 25408 --- [personal-julius-api] [rdinator-reaper] o.a.k.s.u.t.SystemTimerReaper$Reaper     : [group-coordinator-reaper]: Starting
2026-01-24T19:42:53.862-03:00  INFO 25408 --- [personal-julius-api] [ster-test-kit-3] kafka.network.SocketServer               : [SocketServer listenerType=CONTROLLER, nodeId=0] Enabling request processing.
2026-01-24T19:42:53.884-03:00  INFO 25408 --- [personal-julius-api] [r-event-handler] o.a.kafka.image.loader.MetadataLoader    : [MetadataLoader id=0] maybePublishMetadata(LOG_DELTA): The loader finished catching up to the current high water mark of 10
2026-01-24T19:42:53.887-03:00  INFO 25408 --- [personal-julius-api] [ent-processor-3] eadedEventProcessor$EventProcessorThread : [group-coordinator-event-processor-3]: Starting
2026-01-24T19:42:53.887-03:00  INFO 25408 --- [personal-julius-api] [ent-processor-1] eadedEventProcessor$EventProcessorThread : [group-coordinator-event-processor-1]: Starting
2026-01-24T19:42:53.887-03:00  INFO 25408 --- [personal-julius-api] [ent-processor-2] eadedEventProcessor$EventProcessorThread : [group-coordinator-event-processor-2]: Starting
2026-01-24T19:42:53.887-03:00  INFO 25408 --- [personal-julius-api] [ent-processor-0] eadedEventProcessor$EventProcessorThread : [group-coordinator-event-processor-0]: Starting
2026-01-24T19:42:53.890-03:00  INFO 25408 --- [personal-julius-api] [r-event-handler] k.server.ControllerRegistrationManager   : [ControllerRegistrationManager id=0 incarnation=q2o8v9YSRj-l4NU89MRc0Q] initialized channel manager.
2026-01-24T19:42:53.889-03:00  INFO 25408 --- [personal-julius-api] [channel-manager] k.server.NodeToControllerRequestThread   : [controller-0-to-controller-registration-channel-manager]: Starting
2026-01-24T19:42:53.891-03:00  INFO 25408 --- [personal-julius-api] [r-event-handler] k.server.ControllerRegistrationManager   : [ControllerRegistrationManager id=0 incarnation=q2o8v9YSRj-l4NU89MRc0Q] maybeSendControllerRegistration: cannot register yet because the metadata.version is not known yet.
2026-01-24T19:42:53.891-03:00  INFO 25408 --- [personal-julius-api] [r-event-handler] o.a.kafka.image.loader.MetadataLoader    : [MetadataLoader id=0] InitializeNewPublishers: initializing SnapshotGenerator with a snapshot at offset 9
2026-01-24T19:42:53.891-03:00  INFO 25408 --- [personal-julius-api] [channel-manager] k.server.NodeToControllerRequestThread   : [controller-0-to-controller-registration-channel-manager]: Recorded new KRaft controller, from now on will use node localhost:50944 (id: 0 rack: null isFenced: false)
2026-01-24T19:42:53.892-03:00  INFO 25408 --- [personal-julius-api] [r-event-handler] o.a.kafka.image.loader.MetadataLoader    : [MetadataLoader id=0] InitializeNewPublishers: initializing KRaftMetadataCachePublisher with a snapshot at offset 9
2026-01-24T19:42:53.893-03:00  INFO 25408 --- [personal-julius-api] [r-event-handler] o.a.kafka.image.loader.MetadataLoader    : [MetadataLoader id=0] InitializeNewPublishers: initializing FeaturesPublisher with a snapshot at offset 9
2026-01-24T19:42:53.893-03:00  INFO 25408 --- [personal-julius-api] [ster-test-kit-3] kafka.server.ControllerServer            : [ControllerServer id=0] Waiting for all of the authorizer futures to be completed
2026-01-24T19:42:53.893-03:00  INFO 25408 --- [personal-julius-api] [ster-test-kit-3] kafka.server.ControllerServer            : [ControllerServer id=0] Finished waiting for all of the authorizer futures to be completed
2026-01-24T19:42:53.893-03:00  INFO 25408 --- [personal-julius-api] [ster-test-kit-3] kafka.server.ControllerServer            : [ControllerServer id=0] Waiting for all of the SocketServer Acceptors to be started
2026-01-24T19:42:53.893-03:00  INFO 25408 --- [personal-julius-api] [ster-test-kit-3] kafka.server.ControllerServer            : [ControllerServer id=0] Finished waiting for all of the SocketServer Acceptors to be started
2026-01-24T19:42:53.896-03:00  INFO 25408 --- [personal-julius-api] [r-event-handler] o.a.k.m.publisher.FeaturesPublisher      : [ControllerServer id=0] Loaded new metadata FinalizedFeatures[metadataVersion=4.2-IV1, finalizedFeatures={group.version=1, streams.version=1, transaction.version=2, eligible.leader.replicas.version=1, share.version=1, metadata.version=29}, finalizedFeaturesEpoch=9].
2026-01-24T19:42:53.896-03:00  INFO 25408 --- [personal-julius-api] [r-event-handler] o.a.kafka.image.loader.MetadataLoader    : [MetadataLoader id=0] InitializeNewPublishers: initializing ControllerRegistrationsPublisher with a snapshot at offset 9
2026-01-24T19:42:53.896-03:00  INFO 25408 --- [personal-julius-api] [r-event-handler] o.a.kafka.image.loader.MetadataLoader    : [MetadataLoader id=0] InitializeNewPublishers: initializing ControllerRegistrationManager with a snapshot at offset 9
2026-01-24T19:42:53.898-03:00  INFO 25408 --- [personal-julius-api] [r-event-handler] o.a.kafka.image.loader.MetadataLoader    : [MetadataLoader id=0] InitializeNewPublishers: initializing DynamicConfigPublisher controller id=0 with a snapshot at offset 9
2026-01-24T19:42:53.910-03:00  INFO 25408 --- [personal-julius-api] [r-event-handler] k.server.ControllerRegistrationManager   : [ControllerRegistrationManager id=0 incarnation=q2o8v9YSRj-l4NU89MRc0Q] sendControllerRegistration: attempting to send ControllerRegistrationRequestData(controllerId=0, incarnationId=q2o8v9YSRj-l4NU89MRc0Q, zkMigrationReady=false, listeners=[Listener(name='CONTROLLER', host='localhost', port=50944, securityProtocol=0)], features=[Feature(name='group.version', minSupportedVersion=0, maxSupportedVersion=1), Feature(name='kraft.version', minSupportedVersion=0, maxSupportedVersion=1), Feature(name='metadata.version', minSupportedVersion=7, maxSupportedVersion=29), Feature(name='share.version', minSupportedVersion=0, maxSupportedVersion=1), Feature(name='streams.version', minSupportedVersion=0, maxSupportedVersion=1), Feature(name='transaction.version', minSupportedVersion=0, maxSupportedVersion=2), Feature(name='eligible.leader.replicas.version', minSupportedVersion=0, maxSupportedVersion=1)])
2026-01-24T19:42:53.910-03:00  INFO 25408 --- [personal-julius-api] [r-event-handler] k.s.metadata.DynamicConfigPublisher      : [DynamicConfigPublisher controller id=0] Updating cluster configuration : min.insync.replicas -> 1
2026-01-24T19:42:53.917-03:00  INFO 25408 --- [personal-julius-api] [r-event-handler] o.a.kafka.common.config.AbstractConfig   : KafkaConfig values: 
	add.partitions.to.txn.retry.backoff.max.ms = 100
	add.partitions.to.txn.retry.backoff.ms = 20
	advertised.listeners = null
	alter.config.policy.class.name = null
	alter.log.dirs.replication.quota.window.num = 11
	alter.log.dirs.replication.quota.window.size.seconds = 1
	authorizer.class.name = 
	auto.create.topics.enable = true
	auto.leader.rebalance.enable = true
	background.threads = 10
	broker.heartbeat.interval.ms = 2000
	broker.id = 0
	broker.rack = null
	broker.session.timeout.ms = 9000
	client.quota.callback.class = null
	compression.gzip.level = -1
	compression.lz4.level = 9
	compression.type = producer
	compression.zstd.level = 3
	connection.failed.authentication.delay.ms = 100
	connections.max.idle.ms = 600000
	connections.max.reauth.ms = 0
	controlled.shutdown.enable = true
	controller.listener.names = CONTROLLER
	controller.performance.always.log.threshold.ms = 2000
	controller.performance.sample.period.ms = 60000
	controller.quorum.append.linger.ms = 25
	controller.quorum.bootstrap.servers = []
	controller.quorum.election.backoff.max.ms = 1000
	controller.quorum.election.timeout.ms = 1000
	controller.quorum.fetch.timeout.ms = 2000
	controller.quorum.request.timeout.ms = 2000
	controller.quorum.retry.backoff.ms = 20
	controller.quorum.voters = [0@localhost:50944]
	controller.quota.window.num = 11
	controller.quota.window.size.seconds = 1
	controller.socket.timeout.ms = 30000
	create.topic.policy.class.name = null
	default.replication.factor = 1
	delegation.token.expiry.check.interval.ms = 3600000
	delegation.token.expiry.time.ms = 86400000
	delegation.token.max.lifetime.ms = 604800000
	delegation.token.secret.key = null
	delete.records.purgatory.purge.interval.requests = 1
	delete.topic.enable = true
	early.start.listeners = null
	fetch.max.bytes = 57671680
	fetch.purgatory.purge.interval.requests = 1000
	group.consumer.assignors = [uniform, range]
	group.consumer.heartbeat.interval.ms = 5000
	group.consumer.max.heartbeat.interval.ms = 15000
	group.consumer.max.session.timeout.ms = 60000
	group.consumer.max.size = 2147483647
	group.consumer.migration.policy = bidirectional
	group.consumer.min.heartbeat.interval.ms = 5000
	group.consumer.min.session.timeout.ms = 45000
	group.consumer.regex.refresh.interval.ms = 600000
	group.consumer.session.timeout.ms = 45000
	group.coordinator.append.linger.ms = 5
	group.coordinator.rebalance.protocols = [classic, consumer, streams]
	group.coordinator.threads = 4
	group.initial.rebalance.delay.ms = 0
	group.max.session.timeout.ms = 1800000
	group.max.size = 2147483647
	group.min.session.timeout.ms = 6000
	group.share.assignors = [simple]
	group.share.delivery.count.limit = 5
	group.share.enable = false
	group.share.heartbeat.interval.ms = 5000
	group.share.max.heartbeat.interval.ms = 15000
	group.share.max.record.lock.duration.ms = 60000
	group.share.max.session.timeout.ms = 60000
	group.share.max.share.sessions = 2000
	group.share.max.size = 200
	group.share.min.heartbeat.interval.ms = 5000
	group.share.min.record.lock.duration.ms = 15000
	group.share.min.session.timeout.ms = 45000
	group.share.partition.max.record.locks = 2000
	group.share.persister.class.name = org.apache.kafka.server.share.persister.DefaultStatePersister
	group.share.record.lock.duration.ms = 30000
	group.share.session.timeout.ms = 45000
	group.streams.heartbeat.interval.ms = 5000
	group.streams.max.heartbeat.interval.ms = 15000
	group.streams.max.session.timeout.ms = 60000
	group.streams.max.size = 2147483647
	group.streams.max.standby.replicas = 2
	group.streams.min.heartbeat.interval.ms = 5000
	group.streams.min.session.timeout.ms = 45000
	group.streams.num.standby.replicas = 0
	group.streams.session.timeout.ms = 45000
	initial.broker.registration.timeout.ms = 60000
	inter.broker.listener.name = EXTERNAL
	internal.metadata.delete.delay.millis = 60000
	internal.metadata.log.segment.bytes = null
	internal.metadata.max.batch.size.in.bytes = 8388608
	internal.metadata.max.fetch.size.in.bytes = 8388608
	kafka.metrics.polling.interval.secs = 10
	kafka.metrics.reporters = []
	leader.imbalance.check.interval.seconds = 300
	listener.security.protocol.map = EXTERNAL:PLAINTEXT,CONTROLLER:PLAINTEXT
	listeners = EXTERNAL://localhost:0,CONTROLLER://localhost:0
	log.cleaner.backoff.ms = 15000
	log.cleaner.dedupe.buffer.size = 2097152
	log.cleaner.delete.retention.ms = 86400000
	log.cleaner.enable = true
	log.cleaner.io.buffer.load.factor = 0.9
	log.cleaner.io.buffer.size = 524288
	log.cleaner.io.max.bytes.per.second = 1.7976931348623157E308
	log.cleaner.max.compaction.lag.ms = 9223372036854775807
	log.cleaner.min.cleanable.ratio = 0.5
	log.cleaner.min.compaction.lag.ms = 0
	log.cleaner.threads = 1
	log.cleanup.policy = [delete]
	log.dir = /tmp/kafka-logs
	log.dir.failure.timeout.ms = 30000
	log.dirs = C:\Users\isa\AppData\Local\Temp\kafka-8605707824903620699\combined_0_0
	log.flush.interval.messages = 9223372036854775807
	log.flush.interval.ms = null
	log.flush.offset.checkpoint.interval.ms = 60000
	log.flush.scheduler.interval.ms = 9223372036854775807
	log.flush.start.offset.checkpoint.interval.ms = 60000
	log.index.interval.bytes = 4096
	log.index.size.max.bytes = 10485760
	log.initial.task.delay.ms = 30000
	log.local.retention.bytes = -2
	log.local.retention.ms = -2
	log.message.timestamp.after.max.ms = 3600000
	log.message.timestamp.before.max.ms = 9223372036854775807
	log.message.timestamp.type = CreateTime
	log.preallocate = false
	log.retention.bytes = -1
	log.retention.check.interval.ms = 300000
	log.retention.hours = 168
	log.retention.minutes = null
	log.retention.ms = null
	log.roll.hours = 168
	log.roll.jitter.hours = 0
	log.roll.jitter.ms = null
	log.roll.ms = null
	log.segment.bytes = 1073741824
	log.segment.delete.delay.ms = 60000
	max.connection.creation.rate = 2147483647
	max.connections = 2147483647
	max.connections.per.ip = 2147483647
	max.connections.per.ip.overrides = 
	max.incremental.fetch.session.cache.slots = 1000
	max.request.partition.size.limit = 2000
	message.max.bytes = 1048588
	metadata.log.dir = C:\Users\isa\AppData\Local\Temp\kafka-8605707824903620699\combined_0_0
	metadata.log.max.record.bytes.between.snapshots = 20971520
	metadata.log.max.snapshot.interval.ms = 3600000
	metadata.log.segment.bytes = 1073741824
	metadata.log.segment.ms = 604800000
	metadata.max.idle.interval.ms = 500
	metadata.max.retention.bytes = 104857600
	metadata.max.retention.ms = 604800000
	metric.reporters = [org.apache.kafka.common.metrics.JmxReporter]
	metrics.num.samples = 2
	metrics.recording.level = INFO
	metrics.sample.window.ms = 30000
	min.insync.replicas = 1
	node.id = 0
	num.io.threads = 8
	num.network.threads = 3
	num.partitions = 1
	num.recovery.threads.per.data.dir = 2
	num.replica.alter.log.dirs.threads = null
	num.replica.fetchers = 1
	offset.metadata.max.bytes = 4096
	offsets.commit.timeout.ms = 5000
	offsets.load.buffer.size = 5242880
	offsets.retention.check.interval.ms = 600000
	offsets.retention.minutes = 10080
	offsets.topic.compression.codec = 0
	offsets.topic.num.partitions = 50
	offsets.topic.replication.factor = 1
	offsets.topic.segment.bytes = 104857600
	principal.builder.class = class org.apache.kafka.common.security.authenticator.DefaultKafkaPrincipalBuilder
	process.roles = [broker, controller]
	producer.id.expiration.check.interval.ms = 600000
	producer.id.expiration.ms = 86400000
	producer.purgatory.purge.interval.requests = 1000
	queued.max.request.bytes = -1
	queued.max.requests = 500
	quota.window.num = 11
	quota.window.size.seconds = 1
	remote.fetch.max.wait.ms = 500
	remote.list.offsets.request.timeout.ms = 30000
	remote.log.index.file.cache.total.size.bytes = 1073741824
	remote.log.manager.copier.thread.pool.size = 10
	remote.log.manager.copy.max.bytes.per.second = 9223372036854775807
	remote.log.manager.copy.quota.window.num = 11
	remote.log.manager.copy.quota.window.size.seconds = 1
	remote.log.manager.expiration.thread.pool.size = 10
	remote.log.manager.fetch.max.bytes.per.second = 9223372036854775807
	remote.log.manager.fetch.quota.window.num = 11
	remote.log.manager.fetch.quota.window.size.seconds = 1
	remote.log.manager.task.interval.ms = 30000
	remote.log.manager.task.retry.backoff.max.ms = 30000
	remote.log.manager.task.retry.backoff.ms = 500
	remote.log.manager.task.retry.jitter = 0.2
	remote.log.manager.thread.pool.size = 2
	remote.log.metadata.custom.metadata.max.bytes = 128
	remote.log.metadata.manager.class.name = org.apache.kafka.server.log.remote.metadata.storage.TopicBasedRemoteLogMetadataManager
	remote.log.metadata.manager.class.path = null
	remote.log.metadata.manager.impl.prefix = rlmm.config.
	remote.log.metadata.manager.listener.name = null
	remote.log.reader.max.pending.tasks = 100
	remote.log.reader.threads = 10
	remote.log.storage.manager.class.name = null
	remote.log.storage.manager.class.path = null
	remote.log.storage.manager.impl.prefix = rsm.config.
	remote.log.storage.system.enable = false
	replica.fetch.backoff.ms = 1000
	replica.fetch.max.bytes = 1048576
	replica.fetch.min.bytes = 1
	replica.fetch.response.max.bytes = 10485760
	replica.fetch.wait.max.ms = 500
	replica.high.watermark.checkpoint.interval.ms = 5000
	replica.lag.time.max.ms = 30000
	replica.selector.class = null
	replica.socket.receive.buffer.bytes = 65536
	replica.socket.timeout.ms = 30000
	replication.quota.window.num = 11
	replication.quota.window.size.seconds = 1
	request.timeout.ms = 30000
	sasl.client.callback.handler.class = null
	sasl.enabled.mechanisms = [GSSAPI]
	sasl.jaas.config = null
	sasl.kerberos.kinit.cmd = /usr/bin/kinit
	sasl.kerberos.min.time.before.relogin = 60000
	sasl.kerberos.principal.to.local.rules = [DEFAULT]
	sasl.kerberos.service.name = null
	sasl.kerberos.ticket.renew.jitter = 0.05
	sasl.kerberos.ticket.renew.window.factor = 0.8
	sasl.login.callback.handler.class = null
	sasl.login.class = null
	sasl.login.connect.timeout.ms = null
	sasl.login.read.timeout.ms = null
	sasl.login.refresh.buffer.seconds = 300
	sasl.login.refresh.min.period.seconds = 60
	sasl.login.refresh.window.factor = 0.8
	sasl.login.refresh.window.jitter = 0.05
	sasl.login.retry.backoff.max.ms = 10000
	sasl.login.retry.backoff.ms = 100
	sasl.mechanism.controller.protocol = GSSAPI
	sasl.mechanism.inter.broker.protocol = GSSAPI
	sasl.oauthbearer.assertion.algorithm = RS256
	sasl.oauthbearer.assertion.claim.aud = null
	sasl.oauthbearer.assertion.claim.exp.seconds = 300
	sasl.oauthbearer.assertion.claim.iss = null
	sasl.oauthbearer.assertion.claim.jti.include = false
	sasl.oauthbearer.assertion.claim.nbf.seconds = 60
	sasl.oauthbearer.assertion.claim.sub = null
	sasl.oauthbearer.assertion.file = null
	sasl.oauthbearer.assertion.private.key.file = null
	sasl.oauthbearer.assertion.private.key.passphrase = null
	sasl.oauthbearer.assertion.template.file = null
	sasl.oauthbearer.client.credentials.client.id = null
	sasl.oauthbearer.client.credentials.client.secret = null
	sasl.oauthbearer.clock.skew.seconds = 30
	sasl.oauthbearer.expected.audience = null
	sasl.oauthbearer.expected.issuer = null
	sasl.oauthbearer.jwks.endpoint.refresh.ms = 3600000
	sasl.oauthbearer.jwks.endpoint.retry.backoff.max.ms = 10000
	sasl.oauthbearer.jwks.endpoint.retry.backoff.ms = 100
	sasl.oauthbearer.jwks.endpoint.url = null
	sasl.oauthbearer.jwt.retriever.class = class org.apache.kafka.common.security.oauthbearer.DefaultJwtRetriever
	sasl.oauthbearer.jwt.validator.class = class org.apache.kafka.common.security.oauthbearer.DefaultJwtValidator
	sasl.oauthbearer.scope = null
	sasl.oauthbearer.scope.claim.name = scope
	sasl.oauthbearer.sub.claim.name = sub
	sasl.oauthbearer.token.endpoint.url = null
	sasl.server.callback.handler.class = null
	sasl.server.max.receive.size = 524288
	security.inter.broker.protocol = PLAINTEXT
	security.providers = null
	server.max.startup.time.ms = 600000
	share.coordinator.append.linger.ms = 5
	share.coordinator.cold.partition.snapshot.interval.ms = 300000
	share.coordinator.load.buffer.size = 5242880
	share.coordinator.snapshot.update.records.per.snapshot = 500
	share.coordinator.state.topic.compression.codec = 0
	share.coordinator.state.topic.min.isr = 2
	share.coordinator.state.topic.num.partitions = 50
	share.coordinator.state.topic.prune.interval.ms = 300000
	share.coordinator.state.topic.replication.factor = 3
	share.coordinator.state.topic.segment.bytes = 104857600
	share.coordinator.threads = 1
	share.coordinator.write.timeout.ms = 5000
	share.fetch.purgatory.purge.interval.requests = 1000
	socket.connection.setup.timeout.max.ms = 30000
	socket.connection.setup.timeout.ms = 10000
	socket.listen.backlog.size = 50
	socket.receive.buffer.bytes = 102400
	socket.request.max.bytes = 104857600
	socket.send.buffer.bytes = 102400
	ssl.allow.dn.changes = false
	ssl.allow.san.changes = false
	ssl.cipher.suites = []
	ssl.client.auth = none
	ssl.enabled.protocols = [TLSv1.2, TLSv1.3]
	ssl.endpoint.identification.algorithm = https
	ssl.engine.factory.class = null
	ssl.key.password = null
	ssl.keymanager.algorithm = SunX509
	ssl.keystore.certificate.chain = null
	ssl.keystore.key = null
	ssl.keystore.location = null
	ssl.keystore.password = null
	ssl.keystore.type = JKS
	ssl.principal.mapping.rules = DEFAULT
	ssl.protocol = TLSv1.3
	ssl.provider = null
	ssl.secure.random.implementation = null
	ssl.trustmanager.algorithm = PKIX
	ssl.truststore.certificates = null
	ssl.truststore.location = null
	ssl.truststore.password = null
	ssl.truststore.type = JKS
	telemetry.max.bytes = 1048576
	transaction.abort.timed.out.transaction.cleanup.interval.ms = 10000
	transaction.max.timeout.ms = 900000
	transaction.partition.verification.enable = true
	transaction.remove.expired.transaction.cleanup.interval.ms = 3600000
	transaction.state.log.load.buffer.size = 5242880
	transaction.state.log.min.isr = 2
	transaction.state.log.num.partitions = 50
	transaction.state.log.replication.factor = 1
	transaction.state.log.segment.bytes = 104857600
	transaction.two.phase.commit.enable = false
	transactional.id.expiration.ms = 604800000
	unclean.leader.election.enable = false
	unclean.leader.election.interval.ms = 300000
	unstable.api.versions.enable = true
	unstable.feature.versions.enable = true

2026-01-24T19:42:53.931-03:00  INFO 25408 --- [personal-julius-api] [r-event-handler] o.a.kafka.image.loader.MetadataLoader    : [MetadataLoader id=0] InitializeNewPublishers: initializing DynamicClientQuotaPublisher controller id=0 with a snapshot at offset 9
2026-01-24T19:42:53.935-03:00  INFO 25408 --- [personal-julius-api] [r-event-handler] o.a.kafka.image.loader.MetadataLoader    : [MetadataLoader id=0] InitializeNewPublishers: initializing DynamicTopicClusterQuotaPublisher controller id=0 with a snapshot at offset 9
2026-01-24T19:42:53.936-03:00  INFO 25408 --- [personal-julius-api] [r-event-handler] o.a.kafka.image.loader.MetadataLoader    : [MetadataLoader id=0] InitializeNewPublishers: initializing ScramPublisher controller id=0 with a snapshot at offset 9
2026-01-24T19:42:53.938-03:00  INFO 25408 --- [personal-julius-api] [r-event-handler] o.a.kafka.image.loader.MetadataLoader    : [MetadataLoader id=0] InitializeNewPublishers: initializing DelegationTokenPublisher controller id=0 with a snapshot at offset 9
2026-01-24T19:42:53.942-03:00  INFO 25408 --- [personal-julius-api] [r-event-handler] o.a.kafka.image.loader.MetadataLoader    : [MetadataLoader id=0] InitializeNewPublishers: initializing ControllerMetadataMetricsPublisher with a snapshot at offset 9
2026-01-24T19:42:53.943-03:00  INFO 25408 --- [personal-julius-api] [r-event-handler] o.a.kafka.image.loader.MetadataLoader    : [MetadataLoader id=0] InitializeNewPublishers: initializing AclPublisher controller id=0 with a snapshot at offset 9
2026-01-24T19:42:53.948-03:00  INFO 25408 --- [personal-julius-api] [ster-test-kit-4] kafka.log.LogManager                     : Unable to read the broker epoch in C:\Users\isa\AppData\Local\Temp\kafka-8605707824903620699\combined_0_0.
2026-01-24T19:42:53.950-03:00  INFO 25408 --- [personal-julius-api] [channel-manager] k.server.NodeToControllerRequestThread   : [broker-0-to-controller-heartbeat-channel-manager]: Starting
2026-01-24T19:42:53.951-03:00  INFO 25408 --- [personal-julius-api] [channel-manager] k.server.NodeToControllerRequestThread   : [broker-0-to-controller-heartbeat-channel-manager]: Recorded new KRaft controller, from now on will use node localhost:50944 (id: 0 rack: null isFenced: false)
2026-01-24T19:42:53.956-03:00  INFO 25408 --- [personal-julius-api] [r-event-handler] kafka.server.BrokerLifecycleManager      : [BrokerLifecycleManager id=0] Incarnation X0Iq1SMPSvmqVnk4WfWuEw of broker 0 in cluster RBOfXYS4Ttq2wy-G5Ld91Q is now STARTING.
2026-01-24T19:42:53.988-03:00  INFO 25408 --- [personal-julius-api] [-timeout-reaper] o.a.k.s.u.t.SystemTimerReaper$Reaper     : [share-group-lock-timeout-reaper]: Starting
2026-01-24T19:42:54.022-03:00  INFO 25408 --- [personal-julius-api] [per-0-AlterAcls] perationPurgatory$ExpiredOperationReaper : [ExpirationReaper-0-AlterAcls]: Starting
2026-01-24T19:42:54.057-03:00  INFO 25408 --- [personal-julius-api] [ster-test-kit-4] kafka.server.BrokerServer                : [BrokerServer id=0] Waiting for the broker metadata publishers to be installed
2026-01-24T19:42:54.057-03:00  INFO 25408 --- [personal-julius-api] [ster-test-kit-4] kafka.server.BrokerServer                : [BrokerServer id=0] Finished waiting for the broker metadata publishers to be installed
2026-01-24T19:42:54.057-03:00  INFO 25408 --- [personal-julius-api] [ster-test-kit-4] kafka.server.BrokerServer                : [BrokerServer id=0] Waiting for the controller to acknowledge that we are caught up
2026-01-24T19:42:54.057-03:00  INFO 25408 --- [personal-julius-api] [r-event-handler] o.a.kafka.image.loader.MetadataLoader    : [MetadataLoader id=0] InitializeNewPublishers: initializing MetadataVersionPublisher(id=0) with a snapshot at offset 9
2026-01-24T19:42:54.058-03:00  INFO 25408 --- [personal-julius-api] [r-event-handler] o.a.kafka.image.loader.MetadataLoader    : [MetadataLoader id=0] InitializeNewPublishers: initializing BrokerMetadataPublisher with a snapshot at offset 9
2026-01-24T19:42:54.059-03:00  INFO 25408 --- [personal-julius-api] [r-event-handler] k.s.metadata.BrokerMetadataPublisher     : [BrokerMetadataPublisher id=0] Publishing initial metadata at offset OffsetAndEpoch[offset=9, epoch=1] with metadata.version Optional[4.2-IV1].
2026-01-24T19:42:54.060-03:00  INFO 25408 --- [personal-julius-api] [r-event-handler] kafka.log.LogManager                     : Loading logs from log dirs ArrayBuffer(C:\Users\isa\AppData\Local\Temp\kafka-8605707824903620699\combined_0_0)
2026-01-24T19:42:54.064-03:00  INFO 25408 --- [personal-julius-api] [0-event-handler] o.a.k.controller.ClusterControlManager   : [QuorumController id=0] No previous registration found for broker 0. New incarnation ID is X0Iq1SMPSvmqVnk4WfWuEw.  Generated 0 record(s) to clean up previous incarnations. New broker epoch is 10.
2026-01-24T19:42:54.066-03:00  INFO 25408 --- [personal-julius-api] [r-event-handler] kafka.log.LogManager                     : No logs found to be loaded in C:\Users\isa\AppData\Local\Temp\kafka-8605707824903620699\combined_0_0
2026-01-24T19:42:54.075-03:00  INFO 25408 --- [personal-julius-api] [0-event-handler] o.a.k.controller.ClusterControlManager   : [QuorumController id=0] Replayed initial RegisterBrokerRecord for broker 0: RegisterBrokerRecord(brokerId=0, isMigratingZkBroker=false, incarnationId=X0Iq1SMPSvmqVnk4WfWuEw, brokerEpoch=10, endPoints=[BrokerEndpoint(name='EXTERNAL', host='localhost', port=50945, securityProtocol=0)], features=[BrokerFeature(name='group.version', minSupportedVersion=0, maxSupportedVersion=1), BrokerFeature(name='kraft.version', minSupportedVersion=0, maxSupportedVersion=1), BrokerFeature(name='metadata.version', minSupportedVersion=7, maxSupportedVersion=29), BrokerFeature(name='share.version', minSupportedVersion=0, maxSupportedVersion=1), BrokerFeature(name='streams.version', minSupportedVersion=0, maxSupportedVersion=1), BrokerFeature(name='transaction.version', minSupportedVersion=0, maxSupportedVersion=2), BrokerFeature(name='eligible.leader.replicas.version', minSupportedVersion=0, maxSupportedVersion=1)], rack=null, fenced=true, inControlledShutdown=false, logDirs=[M36UwPsX4PZCRXdnJoE1BQ])
2026-01-24T19:42:54.076-03:00  INFO 25408 --- [personal-julius-api] [r-event-handler] kafka.log.LogManager                     : Loaded 0 logs in 14ms
2026-01-24T19:42:54.077-03:00  INFO 25408 --- [personal-julius-api] [r-event-handler] kafka.log.LogManager                     : Starting log cleanup with a period of 300000 ms.
2026-01-24T19:42:54.078-03:00  INFO 25408 --- [personal-julius-api] [r-event-handler] kafka.log.LogManager                     : Starting log flusher with a default period of 9223372036854775807 ms.
2026-01-24T19:42:54.101-03:00  INFO 25408 --- [personal-julius-api] [r-event-handler] o.a.k.storage.internals.log.LogCleaner   : Starting the log cleaner
2026-01-24T19:42:54.104-03:00  INFO 25408 --- [personal-julius-api] [0-event-handler] o.a.k.controller.ClusterControlManager   : [QuorumController id=0] Replayed RegisterControllerRecord containing ControllerRegistration(id=0, incarnationId=q2o8v9YSRj-l4NU89MRc0Q, zkMigrationReady=false, listeners=[Endpoint(listenerName='CONTROLLER', securityProtocol=PLAINTEXT, host='localhost', port=50944)], supportedFeatures={eligible.leader.replicas.version: 0-1, group.version: 0-1, kraft.version: 0-1, metadata.version: 7-29, share.version: 0-1, streams.version: 0-1, transaction.version: 0-2}).
2026-01-24T19:42:54.110-03:00  INFO 25408 --- [personal-julius-api] [channel-manager] k.server.ControllerRegistrationManager   : [ControllerRegistrationManager id=0 incarnation=q2o8v9YSRj-l4NU89MRc0Q] RegistrationResponseHandler: controller acknowledged ControllerRegistrationRequest.
2026-01-24T19:42:54.111-03:00  INFO 25408 --- [personal-julius-api] [r-event-handler] kafka.server.BrokerLifecycleManager      : [BrokerLifecycleManager id=0] Successfully registered broker 0 with broker epoch 10
2026-01-24T19:42:54.114-03:00  INFO 25408 --- [personal-julius-api] [leaner-thread-0] o.a.k.s.i.log.LogCleaner$CleanerThread   : [kafka-log-cleaner-thread-0]: Starting
2026-01-24T19:42:54.122-03:00  INFO 25408 --- [personal-julius-api] [rFailureHandler] k.s.ReplicaManager$LogDirFailureHandler  : [LogDirFailureHandler]: Starting
2026-01-24T19:42:54.122-03:00  INFO 25408 --- [personal-julius-api] [nSenderThread-0] o.a.k.s.t.AddPartitionsToTxnManager      : [AddPartitionsToTxnSenderThread-0]: Starting
2026-01-24T19:42:54.128-03:00  INFO 25408 --- [personal-julius-api] [r-event-handler] o.a.k.c.group.GroupCoordinatorService    : [GroupCoordinator id=0] Starting up.
2026-01-24T19:42:54.129-03:00  INFO 25408 --- [personal-julius-api] [r-event-handler] o.a.k.c.group.GroupCoordinatorService    : [GroupCoordinator id=0] Startup complete.
2026-01-24T19:42:54.129-03:00  INFO 25408 --- [personal-julius-api] [r-event-handler] k.c.transaction.TransactionCoordinator   : [TransactionCoordinator id=0] Starting up.
2026-01-24T19:42:54.130-03:00  INFO 25408 --- [personal-julius-api] [rSenderThread-0] k.c.t.TransactionMarkerChannelManager    : [TxnMarkerSenderThread-0]: Starting
2026-01-24T19:42:54.130-03:00  INFO 25408 --- [personal-julius-api] [r-event-handler] k.c.transaction.TransactionCoordinator   : [TransactionCoordinator id=0] Startup complete.
2026-01-24T19:42:54.131-03:00  INFO 25408 --- [personal-julius-api] [r-event-handler] o.a.k.c.share.ShareCoordinatorService    : [ShareCoordinator id=0] Starting up.
2026-01-24T19:42:54.131-03:00  INFO 25408 --- [personal-julius-api] [r-event-handler] o.a.k.c.share.ShareCoordinatorService    : [ShareCoordinator id=0] Startup complete.
2026-01-24T19:42:54.139-03:00  INFO 25408 --- [personal-julius-api] [r-event-handler] k.s.metadata.DynamicConfigPublisher      : [DynamicConfigPublisher broker id=0] Updating cluster configuration : min.insync.replicas -> 1
2026-01-24T19:42:54.141-03:00  INFO 25408 --- [personal-julius-api] [r-event-handler] o.a.kafka.common.config.AbstractConfig   : KafkaConfig values: 
	add.partitions.to.txn.retry.backoff.max.ms = 100
	add.partitions.to.txn.retry.backoff.ms = 20
	advertised.listeners = null
	alter.config.policy.class.name = null
	alter.log.dirs.replication.quota.window.num = 11
	alter.log.dirs.replication.quota.window.size.seconds = 1
	authorizer.class.name = 
	auto.create.topics.enable = true
	auto.leader.rebalance.enable = true
	background.threads = 10
	broker.heartbeat.interval.ms = 2000
	broker.id = 0
	broker.rack = null
	broker.session.timeout.ms = 9000
	client.quota.callback.class = null
	compression.gzip.level = -1
	compression.lz4.level = 9
	compression.type = producer
	compression.zstd.level = 3
	connection.failed.authentication.delay.ms = 100
	connections.max.idle.ms = 600000
	connections.max.reauth.ms = 0
	controlled.shutdown.enable = true
	controller.listener.names = CONTROLLER
	controller.performance.always.log.threshold.ms = 2000
	controller.performance.sample.period.ms = 60000
	controller.quorum.append.linger.ms = 25
	controller.quorum.bootstrap.servers = []
	controller.quorum.election.backoff.max.ms = 1000
	controller.quorum.election.timeout.ms = 1000
	controller.quorum.fetch.timeout.ms = 2000
	controller.quorum.request.timeout.ms = 2000
	controller.quorum.retry.backoff.ms = 20
	controller.quorum.voters = [0@localhost:50944]
	controller.quota.window.num = 11
	controller.quota.window.size.seconds = 1
	controller.socket.timeout.ms = 30000
	create.topic.policy.class.name = null
	default.replication.factor = 1
	delegation.token.expiry.check.interval.ms = 3600000
	delegation.token.expiry.time.ms = 86400000
	delegation.token.max.lifetime.ms = 604800000
	delegation.token.secret.key = null
	delete.records.purgatory.purge.interval.requests = 1
	delete.topic.enable = true
	early.start.listeners = null
	fetch.max.bytes = 57671680
	fetch.purgatory.purge.interval.requests = 1000
	group.consumer.assignors = [uniform, range]
	group.consumer.heartbeat.interval.ms = 5000
	group.consumer.max.heartbeat.interval.ms = 15000
	group.consumer.max.session.timeout.ms = 60000
	group.consumer.max.size = 2147483647
	group.consumer.migration.policy = bidirectional
	group.consumer.min.heartbeat.interval.ms = 5000
	group.consumer.min.session.timeout.ms = 45000
	group.consumer.regex.refresh.interval.ms = 600000
	group.consumer.session.timeout.ms = 45000
	group.coordinator.append.linger.ms = 5
	group.coordinator.rebalance.protocols = [classic, consumer, streams]
	group.coordinator.threads = 4
	group.initial.rebalance.delay.ms = 0
	group.max.session.timeout.ms = 1800000
	group.max.size = 2147483647
	group.min.session.timeout.ms = 6000
	group.share.assignors = [simple]
	group.share.delivery.count.limit = 5
	group.share.enable = false
	group.share.heartbeat.interval.ms = 5000
	group.share.max.heartbeat.interval.ms = 15000
	group.share.max.record.lock.duration.ms = 60000
	group.share.max.session.timeout.ms = 60000
	group.share.max.share.sessions = 2000
	group.share.max.size = 200
	group.share.min.heartbeat.interval.ms = 5000
	group.share.min.record.lock.duration.ms = 15000
	group.share.min.session.timeout.ms = 45000
	group.share.partition.max.record.locks = 2000
	group.share.persister.class.name = org.apache.kafka.server.share.persister.DefaultStatePersister
	group.share.record.lock.duration.ms = 30000
	group.share.session.timeout.ms = 45000
	group.streams.heartbeat.interval.ms = 5000
	group.streams.max.heartbeat.interval.ms = 15000
	group.streams.max.session.timeout.ms = 60000
	group.streams.max.size = 2147483647
	group.streams.max.standby.replicas = 2
	group.streams.min.heartbeat.interval.ms = 5000
	group.streams.min.session.timeout.ms = 45000
	group.streams.num.standby.replicas = 0
	group.streams.session.timeout.ms = 45000
	initial.broker.registration.timeout.ms = 60000
	inter.broker.listener.name = EXTERNAL
	internal.metadata.delete.delay.millis = 60000
	internal.metadata.log.segment.bytes = null
	internal.metadata.max.batch.size.in.bytes = 8388608
	internal.metadata.max.fetch.size.in.bytes = 8388608
	kafka.metrics.polling.interval.secs = 10
	kafka.metrics.reporters = []
	leader.imbalance.check.interval.seconds = 300
	listener.security.protocol.map = EXTERNAL:PLAINTEXT,CONTROLLER:PLAINTEXT
	listeners = EXTERNAL://localhost:0,CONTROLLER://localhost:0
	log.cleaner.backoff.ms = 15000
	log.cleaner.dedupe.buffer.size = 2097152
	log.cleaner.delete.retention.ms = 86400000
	log.cleaner.enable = true
	log.cleaner.io.buffer.load.factor = 0.9
	log.cleaner.io.buffer.size = 524288
	log.cleaner.io.max.bytes.per.second = 1.7976931348623157E308
	log.cleaner.max.compaction.lag.ms = 9223372036854775807
	log.cleaner.min.cleanable.ratio = 0.5
	log.cleaner.min.compaction.lag.ms = 0
	log.cleaner.threads = 1
	log.cleanup.policy = [delete]
	log.dir = /tmp/kafka-logs
	log.dir.failure.timeout.ms = 30000
	log.dirs = C:\Users\isa\AppData\Local\Temp\kafka-8605707824903620699\combined_0_0
	log.flush.interval.messages = 9223372036854775807
	log.flush.interval.ms = null
	log.flush.offset.checkpoint.interval.ms = 60000
	log.flush.scheduler.interval.ms = 9223372036854775807
	log.flush.start.offset.checkpoint.interval.ms = 60000
	log.index.interval.bytes = 4096
	log.index.size.max.bytes = 10485760
	log.initial.task.delay.ms = 30000
	log.local.retention.bytes = -2
	log.local.retention.ms = -2
	log.message.timestamp.after.max.ms = 3600000
	log.message.timestamp.before.max.ms = 9223372036854775807
	log.message.timestamp.type = CreateTime
	log.preallocate = false
	log.retention.bytes = -1
	log.retention.check.interval.ms = 300000
	log.retention.hours = 168
	log.retention.minutes = null
	log.retention.ms = null
	log.roll.hours = 168
	log.roll.jitter.hours = 0
	log.roll.jitter.ms = null
	log.roll.ms = null
	log.segment.bytes = 1073741824
	log.segment.delete.delay.ms = 60000
	max.connection.creation.rate = 2147483647
	max.connections = 2147483647
	max.connections.per.ip = 2147483647
	max.connections.per.ip.overrides = 
	max.incremental.fetch.session.cache.slots = 1000
	max.request.partition.size.limit = 2000
	message.max.bytes = 1048588
	metadata.log.dir = C:\Users\isa\AppData\Local\Temp\kafka-8605707824903620699\combined_0_0
	metadata.log.max.record.bytes.between.snapshots = 20971520
	metadata.log.max.snapshot.interval.ms = 3600000
	metadata.log.segment.bytes = 1073741824
	metadata.log.segment.ms = 604800000
	metadata.max.idle.interval.ms = 500
	metadata.max.retention.bytes = 104857600
	metadata.max.retention.ms = 604800000
	metric.reporters = [org.apache.kafka.common.metrics.JmxReporter]
	metrics.num.samples = 2
	metrics.recording.level = INFO
	metrics.sample.window.ms = 30000
	min.insync.replicas = 1
	node.id = 0
	num.io.threads = 8
	num.network.threads = 3
	num.partitions = 1
	num.recovery.threads.per.data.dir = 2
	num.replica.alter.log.dirs.threads = null
	num.replica.fetchers = 1
	offset.metadata.max.bytes = 4096
	offsets.commit.timeout.ms = 5000
	offsets.load.buffer.size = 5242880
	offsets.retention.check.interval.ms = 600000
	offsets.retention.minutes = 10080
	offsets.topic.compression.codec = 0
	offsets.topic.num.partitions = 50
	offsets.topic.replication.factor = 1
	offsets.topic.segment.bytes = 104857600
	principal.builder.class = class org.apache.kafka.common.security.authenticator.DefaultKafkaPrincipalBuilder
	process.roles = [broker, controller]
	producer.id.expiration.check.interval.ms = 600000
	producer.id.expiration.ms = 86400000
	producer.purgatory.purge.interval.requests = 1000
	queued.max.request.bytes = -1
	queued.max.requests = 500
	quota.window.num = 11
	quota.window.size.seconds = 1
	remote.fetch.max.wait.ms = 500
	remote.list.offsets.request.timeout.ms = 30000
	remote.log.index.file.cache.total.size.bytes = 1073741824
	remote.log.manager.copier.thread.pool.size = 10
	remote.log.manager.copy.max.bytes.per.second = 9223372036854775807
	remote.log.manager.copy.quota.window.num = 11
	remote.log.manager.copy.quota.window.size.seconds = 1
	remote.log.manager.expiration.thread.pool.size = 10
	remote.log.manager.fetch.max.bytes.per.second = 9223372036854775807
	remote.log.manager.fetch.quota.window.num = 11
	remote.log.manager.fetch.quota.window.size.seconds = 1
	remote.log.manager.task.interval.ms = 30000
	remote.log.manager.task.retry.backoff.max.ms = 30000
	remote.log.manager.task.retry.backoff.ms = 500
	remote.log.manager.task.retry.jitter = 0.2
	remote.log.manager.thread.pool.size = 2
	remote.log.metadata.custom.metadata.max.bytes = 128
	remote.log.metadata.manager.class.name = org.apache.kafka.server.log.remote.metadata.storage.TopicBasedRemoteLogMetadataManager
	remote.log.metadata.manager.class.path = null
	remote.log.metadata.manager.impl.prefix = rlmm.config.
	remote.log.metadata.manager.listener.name = null
	remote.log.reader.max.pending.tasks = 100
	remote.log.reader.threads = 10
	remote.log.storage.manager.class.name = null
	remote.log.storage.manager.class.path = null
	remote.log.storage.manager.impl.prefix = rsm.config.
	remote.log.storage.system.enable = false
	replica.fetch.backoff.ms = 1000
	replica.fetch.max.bytes = 1048576
	replica.fetch.min.bytes = 1
	replica.fetch.response.max.bytes = 10485760
	replica.fetch.wait.max.ms = 500
	replica.high.watermark.checkpoint.interval.ms = 5000
	replica.lag.time.max.ms = 30000
	replica.selector.class = null
	replica.socket.receive.buffer.bytes = 65536
	replica.socket.timeout.ms = 30000
	replication.quota.window.num = 11
	replication.quota.window.size.seconds = 1
	request.timeout.ms = 30000
	sasl.client.callback.handler.class = null
	sasl.enabled.mechanisms = [GSSAPI]
	sasl.jaas.config = null
	sasl.kerberos.kinit.cmd = /usr/bin/kinit
	sasl.kerberos.min.time.before.relogin = 60000
	sasl.kerberos.principal.to.local.rules = [DEFAULT]
	sasl.kerberos.service.name = null
	sasl.kerberos.ticket.renew.jitter = 0.05
	sasl.kerberos.ticket.renew.window.factor = 0.8
	sasl.login.callback.handler.class = null
	sasl.login.class = null
	sasl.login.connect.timeout.ms = null
	sasl.login.read.timeout.ms = null
	sasl.login.refresh.buffer.seconds = 300
	sasl.login.refresh.min.period.seconds = 60
	sasl.login.refresh.window.factor = 0.8
	sasl.login.refresh.window.jitter = 0.05
	sasl.login.retry.backoff.max.ms = 10000
	sasl.login.retry.backoff.ms = 100
	sasl.mechanism.controller.protocol = GSSAPI
	sasl.mechanism.inter.broker.protocol = GSSAPI
	sasl.oauthbearer.assertion.algorithm = RS256
	sasl.oauthbearer.assertion.claim.aud = null
	sasl.oauthbearer.assertion.claim.exp.seconds = 300
	sasl.oauthbearer.assertion.claim.iss = null
	sasl.oauthbearer.assertion.claim.jti.include = false
	sasl.oauthbearer.assertion.claim.nbf.seconds = 60
	sasl.oauthbearer.assertion.claim.sub = null
	sasl.oauthbearer.assertion.file = null
	sasl.oauthbearer.assertion.private.key.file = null
	sasl.oauthbearer.assertion.private.key.passphrase = null
	sasl.oauthbearer.assertion.template.file = null
	sasl.oauthbearer.client.credentials.client.id = null
	sasl.oauthbearer.client.credentials.client.secret = null
	sasl.oauthbearer.clock.skew.seconds = 30
	sasl.oauthbearer.expected.audience = null
	sasl.oauthbearer.expected.issuer = null
	sasl.oauthbearer.jwks.endpoint.refresh.ms = 3600000
	sasl.oauthbearer.jwks.endpoint.retry.backoff.max.ms = 10000
	sasl.oauthbearer.jwks.endpoint.retry.backoff.ms = 100
	sasl.oauthbearer.jwks.endpoint.url = null
	sasl.oauthbearer.jwt.retriever.class = class org.apache.kafka.common.security.oauthbearer.DefaultJwtRetriever
	sasl.oauthbearer.jwt.validator.class = class org.apache.kafka.common.security.oauthbearer.DefaultJwtValidator
	sasl.oauthbearer.scope = null
	sasl.oauthbearer.scope.claim.name = scope
	sasl.oauthbearer.sub.claim.name = sub
	sasl.oauthbearer.token.endpoint.url = null
	sasl.server.callback.handler.class = null
	sasl.server.max.receive.size = 524288
	security.inter.broker.protocol = PLAINTEXT
	security.providers = null
	server.max.startup.time.ms = 600000
	share.coordinator.append.linger.ms = 5
	share.coordinator.cold.partition.snapshot.interval.ms = 300000
	share.coordinator.load.buffer.size = 5242880
	share.coordinator.snapshot.update.records.per.snapshot = 500
	share.coordinator.state.topic.compression.codec = 0
	share.coordinator.state.topic.min.isr = 2
	share.coordinator.state.topic.num.partitions = 50
	share.coordinator.state.topic.prune.interval.ms = 300000
	share.coordinator.state.topic.replication.factor = 3
	share.coordinator.state.topic.segment.bytes = 104857600
	share.coordinator.threads = 1
	share.coordinator.write.timeout.ms = 5000
	share.fetch.purgatory.purge.interval.requests = 1000
	socket.connection.setup.timeout.max.ms = 30000
	socket.connection.setup.timeout.ms = 10000
	socket.listen.backlog.size = 50
	socket.receive.buffer.bytes = 102400
	socket.request.max.bytes = 104857600
	socket.send.buffer.bytes = 102400
	ssl.allow.dn.changes = false
	ssl.allow.san.changes = false
	ssl.cipher.suites = []
	ssl.client.auth = none
	ssl.enabled.protocols = [TLSv1.2, TLSv1.3]
	ssl.endpoint.identification.algorithm = https
	ssl.engine.factory.class = null
	ssl.key.password = null
	ssl.keymanager.algorithm = SunX509
	ssl.keystore.certificate.chain = null
	ssl.keystore.key = null
	ssl.keystore.location = null
	ssl.keystore.password = null
	ssl.keystore.type = JKS
	ssl.principal.mapping.rules = DEFAULT
	ssl.protocol = TLSv1.3
	ssl.provider = null
	ssl.secure.random.implementation = null
	ssl.trustmanager.algorithm = PKIX
	ssl.truststore.certificates = null
	ssl.truststore.location = null
	ssl.truststore.password = null
	ssl.truststore.type = JKS
	telemetry.max.bytes = 1048576
	transaction.abort.timed.out.transaction.cleanup.interval.ms = 10000
	transaction.max.timeout.ms = 900000
	transaction.partition.verification.enable = true
	transaction.remove.expired.transaction.cleanup.interval.ms = 3600000
	transaction.state.log.load.buffer.size = 5242880
	transaction.state.log.min.isr = 2
	transaction.state.log.num.partitions = 50
	transaction.state.log.replication.factor = 1
	transaction.state.log.segment.bytes = 104857600
	transaction.two.phase.commit.enable = false
	transactional.id.expiration.ms = 604800000
	unclean.leader.election.enable = false
	unclean.leader.election.interval.ms = 300000
	unstable.api.versions.enable = true
	unstable.feature.versions.enable = true

2026-01-24T19:42:54.151-03:00  INFO 25408 --- [personal-julius-api] [r-event-handler] k.s.metadata.BrokerMetadataPublisher     : [BrokerMetadataPublisher id=0] Feature share.version has been updated to version 1
2026-01-24T19:42:54.151-03:00  INFO 25408 --- [personal-julius-api] [r-event-handler] o.a.kafka.image.loader.MetadataLoader    : [MetadataLoader id=0] InitializeNewPublishers: initializing BrokerRegistrationTracker(id=0) with a snapshot at offset 9
2026-01-24T19:42:54.152-03:00  INFO 25408 --- [personal-julius-api] [r-event-handler] k.server.ControllerRegistrationManager   : [ControllerRegistrationManager id=0 incarnation=q2o8v9YSRj-l4NU89MRc0Q] Our registration has been persisted to the metadata log.
2026-01-24T19:42:54.161-03:00  INFO 25408 --- [personal-julius-api] [r-event-handler] kafka.server.BrokerLifecycleManager      : [BrokerLifecycleManager id=0] The broker has caught up. Transitioning from STARTING to RECOVERY.
2026-01-24T19:42:54.161-03:00  INFO 25408 --- [personal-julius-api] [ster-test-kit-4] kafka.server.BrokerServer                : [BrokerServer id=0] Finished waiting for the controller to acknowledge that we are caught up
2026-01-24T19:42:54.161-03:00  INFO 25408 --- [personal-julius-api] [ster-test-kit-4] kafka.server.BrokerServer                : [BrokerServer id=0] Waiting for the initial broker metadata update to be published
2026-01-24T19:42:54.161-03:00  INFO 25408 --- [personal-julius-api] [ster-test-kit-4] kafka.server.BrokerServer                : [BrokerServer id=0] Finished waiting for the initial broker metadata update to be published
2026-01-24T19:42:54.162-03:00  INFO 25408 --- [personal-julius-api] [ster-test-kit-4] o.a.kafka.common.config.AbstractConfig   : KafkaConfig values: 
	add.partitions.to.txn.retry.backoff.max.ms = 100
	add.partitions.to.txn.retry.backoff.ms = 20
	advertised.listeners = null
	alter.config.policy.class.name = null
	alter.log.dirs.replication.quota.window.num = 11
	alter.log.dirs.replication.quota.window.size.seconds = 1
	authorizer.class.name = 
	auto.create.topics.enable = true
	auto.leader.rebalance.enable = true
	background.threads = 10
	broker.heartbeat.interval.ms = 2000
	broker.id = 0
	broker.rack = null
	broker.session.timeout.ms = 9000
	client.quota.callback.class = null
	compression.gzip.level = -1
	compression.lz4.level = 9
	compression.type = producer
	compression.zstd.level = 3
	connection.failed.authentication.delay.ms = 100
	connections.max.idle.ms = 600000
	connections.max.reauth.ms = 0
	controlled.shutdown.enable = true
	controller.listener.names = CONTROLLER
	controller.performance.always.log.threshold.ms = 2000
	controller.performance.sample.period.ms = 60000
	controller.quorum.append.linger.ms = 25
	controller.quorum.bootstrap.servers = []
	controller.quorum.election.backoff.max.ms = 1000
	controller.quorum.election.timeout.ms = 1000
	controller.quorum.fetch.timeout.ms = 2000
	controller.quorum.request.timeout.ms = 2000
	controller.quorum.retry.backoff.ms = 20
	controller.quorum.voters = [0@localhost:50944]
	controller.quota.window.num = 11
	controller.quota.window.size.seconds = 1
	controller.socket.timeout.ms = 30000
	create.topic.policy.class.name = null
	default.replication.factor = 1
	delegation.token.expiry.check.interval.ms = 3600000
	delegation.token.expiry.time.ms = 86400000
	delegation.token.max.lifetime.ms = 604800000
	delegation.token.secret.key = null
	delete.records.purgatory.purge.interval.requests = 1
	delete.topic.enable = true
	early.start.listeners = null
	fetch.max.bytes = 57671680
	fetch.purgatory.purge.interval.requests = 1000
	group.consumer.assignors = [uniform, range]
	group.consumer.heartbeat.interval.ms = 5000
	group.consumer.max.heartbeat.interval.ms = 15000
	group.consumer.max.session.timeout.ms = 60000
	group.consumer.max.size = 2147483647
	group.consumer.migration.policy = bidirectional
	group.consumer.min.heartbeat.interval.ms = 5000
	group.consumer.min.session.timeout.ms = 45000
	group.consumer.regex.refresh.interval.ms = 600000
	group.consumer.session.timeout.ms = 45000
	group.coordinator.append.linger.ms = 5
	group.coordinator.rebalance.protocols = [classic, consumer, streams]
	group.coordinator.threads = 4
	group.initial.rebalance.delay.ms = 0
	group.max.session.timeout.ms = 1800000
	group.max.size = 2147483647
	group.min.session.timeout.ms = 6000
	group.share.assignors = [simple]
	group.share.delivery.count.limit = 5
	group.share.enable = false
	group.share.heartbeat.interval.ms = 5000
	group.share.max.heartbeat.interval.ms = 15000
	group.share.max.record.lock.duration.ms = 60000
	group.share.max.session.timeout.ms = 60000
	group.share.max.share.sessions = 2000
	group.share.max.size = 200
	group.share.min.heartbeat.interval.ms = 5000
	group.share.min.record.lock.duration.ms = 15000
	group.share.min.session.timeout.ms = 45000
	group.share.partition.max.record.locks = 2000
	group.share.persister.class.name = org.apache.kafka.server.share.persister.DefaultStatePersister
	group.share.record.lock.duration.ms = 30000
	group.share.session.timeout.ms = 45000
	group.streams.heartbeat.interval.ms = 5000
	group.streams.max.heartbeat.interval.ms = 15000
	group.streams.max.session.timeout.ms = 60000
	group.streams.max.size = 2147483647
	group.streams.max.standby.replicas = 2
	group.streams.min.heartbeat.interval.ms = 5000
	group.streams.min.session.timeout.ms = 45000
	group.streams.num.standby.replicas = 0
	group.streams.session.timeout.ms = 45000
	initial.broker.registration.timeout.ms = 60000
	inter.broker.listener.name = EXTERNAL
	internal.metadata.delete.delay.millis = 60000
	internal.metadata.log.segment.bytes = null
	internal.metadata.max.batch.size.in.bytes = 8388608
	internal.metadata.max.fetch.size.in.bytes = 8388608
	kafka.metrics.polling.interval.secs = 10
	kafka.metrics.reporters = []
	leader.imbalance.check.interval.seconds = 300
	listener.security.protocol.map = EXTERNAL:PLAINTEXT,CONTROLLER:PLAINTEXT
	listeners = EXTERNAL://localhost:0,CONTROLLER://localhost:0
	log.cleaner.backoff.ms = 15000
	log.cleaner.dedupe.buffer.size = 2097152
	log.cleaner.delete.retention.ms = 86400000
	log.cleaner.enable = true
	log.cleaner.io.buffer.load.factor = 0.9
	log.cleaner.io.buffer.size = 524288
	log.cleaner.io.max.bytes.per.second = 1.7976931348623157E308
	log.cleaner.max.compaction.lag.ms = 9223372036854775807
	log.cleaner.min.cleanable.ratio = 0.5
	log.cleaner.min.compaction.lag.ms = 0
	log.cleaner.threads = 1
	log.cleanup.policy = [delete]
	log.dir = /tmp/kafka-logs
	log.dir.failure.timeout.ms = 30000
	log.dirs = C:\Users\isa\AppData\Local\Temp\kafka-8605707824903620699\combined_0_0
	log.flush.interval.messages = 9223372036854775807
	log.flush.interval.ms = null
	log.flush.offset.checkpoint.interval.ms = 60000
	log.flush.scheduler.interval.ms = 9223372036854775807
	log.flush.start.offset.checkpoint.interval.ms = 60000
	log.index.interval.bytes = 4096
	log.index.size.max.bytes = 10485760
	log.initial.task.delay.ms = 30000
	log.local.retention.bytes = -2
	log.local.retention.ms = -2
	log.message.timestamp.after.max.ms = 3600000
	log.message.timestamp.before.max.ms = 9223372036854775807
	log.message.timestamp.type = CreateTime
	log.preallocate = false
	log.retention.bytes = -1
	log.retention.check.interval.ms = 300000
	log.retention.hours = 168
	log.retention.minutes = null
	log.retention.ms = null
	log.roll.hours = 168
	log.roll.jitter.hours = 0
	log.roll.jitter.ms = null
	log.roll.ms = null
	log.segment.bytes = 1073741824
	log.segment.delete.delay.ms = 60000
	max.connection.creation.rate = 2147483647
	max.connections = 2147483647
	max.connections.per.ip = 2147483647
	max.connections.per.ip.overrides = 
	max.incremental.fetch.session.cache.slots = 1000
	max.request.partition.size.limit = 2000
	message.max.bytes = 1048588
	metadata.log.dir = C:\Users\isa\AppData\Local\Temp\kafka-8605707824903620699\combined_0_0
	metadata.log.max.record.bytes.between.snapshots = 20971520
	metadata.log.max.snapshot.interval.ms = 3600000
	metadata.log.segment.bytes = 1073741824
	metadata.log.segment.ms = 604800000
	metadata.max.idle.interval.ms = 500
	metadata.max.retention.bytes = 104857600
	metadata.max.retention.ms = 604800000
	metric.reporters = [org.apache.kafka.common.metrics.JmxReporter]
	metrics.num.samples = 2
	metrics.recording.level = INFO
	metrics.sample.window.ms = 30000
	min.insync.replicas = 1
	node.id = 0
	num.io.threads = 8
	num.network.threads = 3
	num.partitions = 1
	num.recovery.threads.per.data.dir = 2
	num.replica.alter.log.dirs.threads = null
	num.replica.fetchers = 1
	offset.metadata.max.bytes = 4096
	offsets.commit.timeout.ms = 5000
	offsets.load.buffer.size = 5242880
	offsets.retention.check.interval.ms = 600000
	offsets.retention.minutes = 10080
	offsets.topic.compression.codec = 0
	offsets.topic.num.partitions = 50
	offsets.topic.replication.factor = 1
	offsets.topic.segment.bytes = 104857600
	principal.builder.class = class org.apache.kafka.common.security.authenticator.DefaultKafkaPrincipalBuilder
	process.roles = [broker, controller]
	producer.id.expiration.check.interval.ms = 600000
	producer.id.expiration.ms = 86400000
	producer.purgatory.purge.interval.requests = 1000
	queued.max.request.bytes = -1
	queued.max.requests = 500
	quota.window.num = 11
	quota.window.size.seconds = 1
	remote.fetch.max.wait.ms = 500
	remote.list.offsets.request.timeout.ms = 30000
	remote.log.index.file.cache.total.size.bytes = 1073741824
	remote.log.manager.copier.thread.pool.size = 10
	remote.log.manager.copy.max.bytes.per.second = 9223372036854775807
	remote.log.manager.copy.quota.window.num = 11
	remote.log.manager.copy.quota.window.size.seconds = 1
	remote.log.manager.expiration.thread.pool.size = 10
	remote.log.manager.fetch.max.bytes.per.second = 9223372036854775807
	remote.log.manager.fetch.quota.window.num = 11
	remote.log.manager.fetch.quota.window.size.seconds = 1
	remote.log.manager.task.interval.ms = 30000
	remote.log.manager.task.retry.backoff.max.ms = 30000
	remote.log.manager.task.retry.backoff.ms = 500
	remote.log.manager.task.retry.jitter = 0.2
	remote.log.manager.thread.pool.size = 2
	remote.log.metadata.custom.metadata.max.bytes = 128
	remote.log.metadata.manager.class.name = org.apache.kafka.server.log.remote.metadata.storage.TopicBasedRemoteLogMetadataManager
	remote.log.metadata.manager.class.path = null
	remote.log.metadata.manager.impl.prefix = rlmm.config.
	remote.log.metadata.manager.listener.name = null
	remote.log.reader.max.pending.tasks = 100
	remote.log.reader.threads = 10
	remote.log.storage.manager.class.name = null
	remote.log.storage.manager.class.path = null
	remote.log.storage.manager.impl.prefix = rsm.config.
	remote.log.storage.system.enable = false
	replica.fetch.backoff.ms = 1000
	replica.fetch.max.bytes = 1048576
	replica.fetch.min.bytes = 1
	replica.fetch.response.max.bytes = 10485760
	replica.fetch.wait.max.ms = 500
	replica.high.watermark.checkpoint.interval.ms = 5000
	replica.lag.time.max.ms = 30000
	replica.selector.class = null
	replica.socket.receive.buffer.bytes = 65536
	replica.socket.timeout.ms = 30000
	replication.quota.window.num = 11
	replication.quota.window.size.seconds = 1
	request.timeout.ms = 30000
	sasl.client.callback.handler.class = null
	sasl.enabled.mechanisms = [GSSAPI]
	sasl.jaas.config = null
	sasl.kerberos.kinit.cmd = /usr/bin/kinit
	sasl.kerberos.min.time.before.relogin = 60000
	sasl.kerberos.principal.to.local.rules = [DEFAULT]
	sasl.kerberos.service.name = null
	sasl.kerberos.ticket.renew.jitter = 0.05
	sasl.kerberos.ticket.renew.window.factor = 0.8
	sasl.login.callback.handler.class = null
	sasl.login.class = null
	sasl.login.connect.timeout.ms = null
	sasl.login.read.timeout.ms = null
	sasl.login.refresh.buffer.seconds = 300
	sasl.login.refresh.min.period.seconds = 60
	sasl.login.refresh.window.factor = 0.8
	sasl.login.refresh.window.jitter = 0.05
	sasl.login.retry.backoff.max.ms = 10000
	sasl.login.retry.backoff.ms = 100
	sasl.mechanism.controller.protocol = GSSAPI
	sasl.mechanism.inter.broker.protocol = GSSAPI
	sasl.oauthbearer.assertion.algorithm = RS256
	sasl.oauthbearer.assertion.claim.aud = null
	sasl.oauthbearer.assertion.claim.exp.seconds = 300
	sasl.oauthbearer.assertion.claim.iss = null
	sasl.oauthbearer.assertion.claim.jti.include = false
	sasl.oauthbearer.assertion.claim.nbf.seconds = 60
	sasl.oauthbearer.assertion.claim.sub = null
	sasl.oauthbearer.assertion.file = null
	sasl.oauthbearer.assertion.private.key.file = null
	sasl.oauthbearer.assertion.private.key.passphrase = null
	sasl.oauthbearer.assertion.template.file = null
	sasl.oauthbearer.client.credentials.client.id = null
	sasl.oauthbearer.client.credentials.client.secret = null
	sasl.oauthbearer.clock.skew.seconds = 30
	sasl.oauthbearer.expected.audience = null
	sasl.oauthbearer.expected.issuer = null
	sasl.oauthbearer.jwks.endpoint.refresh.ms = 3600000
	sasl.oauthbearer.jwks.endpoint.retry.backoff.max.ms = 10000
	sasl.oauthbearer.jwks.endpoint.retry.backoff.ms = 100
	sasl.oauthbearer.jwks.endpoint.url = null
	sasl.oauthbearer.jwt.retriever.class = class org.apache.kafka.common.security.oauthbearer.DefaultJwtRetriever
	sasl.oauthbearer.jwt.validator.class = class org.apache.kafka.common.security.oauthbearer.DefaultJwtValidator
	sasl.oauthbearer.scope = null
	sasl.oauthbearer.scope.claim.name = scope
	sasl.oauthbearer.sub.claim.name = sub
	sasl.oauthbearer.token.endpoint.url = null
	sasl.server.callback.handler.class = null
	sasl.server.max.receive.size = 524288
	security.inter.broker.protocol = PLAINTEXT
	security.providers = null
	server.max.startup.time.ms = 600000
	share.coordinator.append.linger.ms = 5
	share.coordinator.cold.partition.snapshot.interval.ms = 300000
	share.coordinator.load.buffer.size = 5242880
	share.coordinator.snapshot.update.records.per.snapshot = 500
	share.coordinator.state.topic.compression.codec = 0
	share.coordinator.state.topic.min.isr = 2
	share.coordinator.state.topic.num.partitions = 50
	share.coordinator.state.topic.prune.interval.ms = 300000
	share.coordinator.state.topic.replication.factor = 3
	share.coordinator.state.topic.segment.bytes = 104857600
	share.coordinator.threads = 1
	share.coordinator.write.timeout.ms = 5000
	share.fetch.purgatory.purge.interval.requests = 1000
	socket.connection.setup.timeout.max.ms = 30000
	socket.connection.setup.timeout.ms = 10000
	socket.listen.backlog.size = 50
	socket.receive.buffer.bytes = 102400
	socket.request.max.bytes = 104857600
	socket.send.buffer.bytes = 102400
	ssl.allow.dn.changes = false
	ssl.allow.san.changes = false
	ssl.cipher.suites = []
	ssl.client.auth = none
	ssl.enabled.protocols = [TLSv1.2, TLSv1.3]
	ssl.endpoint.identification.algorithm = https
	ssl.engine.factory.class = null
	ssl.key.password = null
	ssl.keymanager.algorithm = SunX509
	ssl.keystore.certificate.chain = null
	ssl.keystore.key = null
	ssl.keystore.location = null
	ssl.keystore.password = null
	ssl.keystore.type = JKS
	ssl.principal.mapping.rules = DEFAULT
	ssl.protocol = TLSv1.3
	ssl.provider = null
	ssl.secure.random.implementation = null
	ssl.trustmanager.algorithm = PKIX
	ssl.truststore.certificates = null
	ssl.truststore.location = null
	ssl.truststore.password = null
	ssl.truststore.type = JKS
	telemetry.max.bytes = 1048576
	transaction.abort.timed.out.transaction.cleanup.interval.ms = 10000
	transaction.max.timeout.ms = 900000
	transaction.partition.verification.enable = true
	transaction.remove.expired.transaction.cleanup.interval.ms = 3600000
	transaction.state.log.load.buffer.size = 5242880
	transaction.state.log.min.isr = 2
	transaction.state.log.num.partitions = 50
	transaction.state.log.replication.factor = 1
	transaction.state.log.segment.bytes = 104857600
	transaction.two.phase.commit.enable = false
	transactional.id.expiration.ms = 604800000
	unclean.leader.election.enable = false
	unclean.leader.election.interval.ms = 300000
	unstable.api.versions.enable = true
	unstable.feature.versions.enable = true

2026-01-24T19:42:54.165-03:00  INFO 25408 --- [personal-julius-api] [ster-test-kit-4] kafka.server.BrokerServer                : [BrokerServer id=0] Waiting for the broker to be unfenced
2026-01-24T19:42:54.167-03:00  INFO 25408 --- [personal-julius-api] [0-event-handler] o.a.k.controller.BrokerHeartbeatManager  : [QuorumController id=0] The request from broker 0 to unfence has been granted because it has caught up with the offset of its register broker record 10.
2026-01-24T19:42:54.176-03:00  INFO 25408 --- [personal-julius-api] [0-event-handler] o.a.k.controller.ClusterControlManager   : [QuorumController id=0] Replayed BrokerRegistrationChangeRecord modifying the registration for broker 0: BrokerRegistrationChangeRecord(brokerId=0, brokerEpoch=10, fenced=-1, inControlledShutdown=0, logDirs=[])
2026-01-24T19:42:54.208-03:00  INFO 25408 --- [personal-julius-api] [r-event-handler] kafka.server.BrokerLifecycleManager      : [BrokerLifecycleManager id=0] The broker has been unfenced. Transitioning from RECOVERY to RUNNING.
2026-01-24T19:42:54.208-03:00  INFO 25408 --- [personal-julius-api] [ster-test-kit-4] kafka.server.BrokerServer                : [BrokerServer id=0] Finished waiting for the broker to be unfenced
2026-01-24T19:42:54.209-03:00  INFO 25408 --- [personal-julius-api] [ster-test-kit-4] o.a.k.s.network.EndpointReadyFutures     : authorizerStart completed for endpoint EXTERNAL. Endpoint is now READY.
2026-01-24T19:42:54.209-03:00  INFO 25408 --- [personal-julius-api] [ster-test-kit-4] kafka.network.SocketServer               : [SocketServer listenerType=BROKER, nodeId=0] Enabling request processing.
2026-01-24T19:42:54.209-03:00  INFO 25408 --- [personal-julius-api] [ster-test-kit-4] kafka.server.BrokerServer                : [BrokerServer id=0] Waiting for all of the authorizer futures to be completed
2026-01-24T19:42:54.209-03:00  INFO 25408 --- [personal-julius-api] [ster-test-kit-4] kafka.server.BrokerServer                : [BrokerServer id=0] Finished waiting for all of the authorizer futures to be completed
2026-01-24T19:42:54.209-03:00  INFO 25408 --- [personal-julius-api] [ster-test-kit-4] kafka.server.BrokerServer                : [BrokerServer id=0] Waiting for all of the SocketServer Acceptors to be started
2026-01-24T19:42:54.210-03:00  INFO 25408 --- [personal-julius-api] [ster-test-kit-4] kafka.server.BrokerServer                : [BrokerServer id=0] Finished waiting for all of the SocketServer Acceptors to be started
2026-01-24T19:42:54.210-03:00  INFO 25408 --- [personal-julius-api] [ster-test-kit-4] kafka.server.BrokerServer                : [BrokerServer id=0] Transition from STARTING to STARTED
2026-01-24T19:42:54.223-03:00  INFO 25408 --- [personal-julius-api] [           main] o.a.kafka.common.config.AbstractConfig   : AdminClientConfig values: 
	bootstrap.controllers = []
	bootstrap.servers = [localhost:50945]
	client.dns.lookup = use_all_dns_ips
	client.id = 
	connections.max.idle.ms = 300000
	default.api.timeout.ms = 60000
	enable.metrics.push = false
	metadata.max.age.ms = 300000
	metadata.recovery.rebootstrap.trigger.ms = 300000
	metadata.recovery.strategy = rebootstrap
	metric.reporters = [org.apache.kafka.common.metrics.JmxReporter]
	metrics.num.samples = 2
	metrics.recording.level = INFO
	metrics.sample.window.ms = 30000
	receive.buffer.bytes = 65536
	reconnect.backoff.max.ms = 1000
	reconnect.backoff.ms = 50
	request.timeout.ms = 30000
	retries = 2147483647
	retry.backoff.max.ms = 1000
	retry.backoff.ms = 100
	sasl.client.callback.handler.class = null
	sasl.jaas.config = null
	sasl.kerberos.kinit.cmd = /usr/bin/kinit
	sasl.kerberos.min.time.before.relogin = 60000
	sasl.kerberos.service.name = null
	sasl.kerberos.ticket.renew.jitter = 0.05
	sasl.kerberos.ticket.renew.window.factor = 0.8
	sasl.login.callback.handler.class = null
	sasl.login.class = null
	sasl.login.connect.timeout.ms = null
	sasl.login.read.timeout.ms = null
	sasl.login.refresh.buffer.seconds = 300
	sasl.login.refresh.min.period.seconds = 60
	sasl.login.refresh.window.factor = 0.8
	sasl.login.refresh.window.jitter = 0.05
	sasl.login.retry.backoff.max.ms = 10000
	sasl.login.retry.backoff.ms = 100
	sasl.mechanism = GSSAPI
	sasl.oauthbearer.assertion.algorithm = RS256
	sasl.oauthbearer.assertion.claim.aud = null
	sasl.oauthbearer.assertion.claim.exp.seconds = 300
	sasl.oauthbearer.assertion.claim.iss = null
	sasl.oauthbearer.assertion.claim.jti.include = false
	sasl.oauthbearer.assertion.claim.nbf.seconds = 60
	sasl.oauthbearer.assertion.claim.sub = null
	sasl.oauthbearer.assertion.file = null
	sasl.oauthbearer.assertion.private.key.file = null
	sasl.oauthbearer.assertion.private.key.passphrase = null
	sasl.oauthbearer.assertion.template.file = null
	sasl.oauthbearer.client.credentials.client.id = null
	sasl.oauthbearer.client.credentials.client.secret = null
	sasl.oauthbearer.clock.skew.seconds = 30
	sasl.oauthbearer.expected.audience = null
	sasl.oauthbearer.expected.issuer = null
	sasl.oauthbearer.header.urlencode = false
	sasl.oauthbearer.jwks.endpoint.refresh.ms = 3600000
	sasl.oauthbearer.jwks.endpoint.retry.backoff.max.ms = 10000
	sasl.oauthbearer.jwks.endpoint.retry.backoff.ms = 100
	sasl.oauthbearer.jwks.endpoint.url = null
	sasl.oauthbearer.jwt.retriever.class = class org.apache.kafka.common.security.oauthbearer.DefaultJwtRetriever
	sasl.oauthbearer.jwt.validator.class = class org.apache.kafka.common.security.oauthbearer.DefaultJwtValidator
	sasl.oauthbearer.scope = null
	sasl.oauthbearer.scope.claim.name = scope
	sasl.oauthbearer.sub.claim.name = sub
	sasl.oauthbearer.token.endpoint.url = null
	security.protocol = PLAINTEXT
	security.providers = null
	send.buffer.bytes = 131072
	socket.connection.setup.timeout.max.ms = 30000
	socket.connection.setup.timeout.ms = 10000
	ssl.cipher.suites = null
	ssl.enabled.protocols = [TLSv1.2, TLSv1.3]
	ssl.endpoint.identification.algorithm = https
	ssl.engine.factory.class = null
	ssl.key.password = null
	ssl.keymanager.algorithm = SunX509
	ssl.keystore.certificate.chain = null
	ssl.keystore.key = null
	ssl.keystore.location = null
	ssl.keystore.password = null
	ssl.keystore.type = JKS
	ssl.protocol = TLSv1.3
	ssl.provider = null
	ssl.secure.random.implementation = null
	ssl.trustmanager.algorithm = PKIX
	ssl.truststore.certificates = null
	ssl.truststore.location = null
	ssl.truststore.password = null
	ssl.truststore.type = JKS

2026-01-24T19:42:54.261-03:00  INFO 25408 --- [personal-julius-api] [           main] o.a.kafka.common.utils.AppInfoParser     : Kafka version: 4.1.1
2026-01-24T19:42:54.261-03:00  INFO 25408 --- [personal-julius-api] [           main] o.a.kafka.common.utils.AppInfoParser     : Kafka commitId: be816b82d25370ce
2026-01-24T19:42:54.261-03:00  INFO 25408 --- [personal-julius-api] [           main] o.a.kafka.common.utils.AppInfoParser     : Kafka startTimeMs: 1769294574260
2026-01-24T19:42:54.320-03:00  INFO 25408 --- [personal-julius-api] [0-event-handler] o.a.k.c.ReplicationControlManager        : [QuorumController id=0] CreateTopics result(s): CreatableTopic(name='transaction-events', numPartitions=1, replicationFactor=1, assignments=[], configs=[]): SUCCESS
2026-01-24T19:42:54.322-03:00  INFO 25408 --- [personal-julius-api] [0-event-handler] o.a.k.c.ReplicationControlManager        : [QuorumController id=0] Replayed TopicRecord for topic transaction-events with topic ID vQtd1IGNScKkJsV7xEvV-w.
2026-01-24T19:42:54.329-03:00  INFO 25408 --- [personal-julius-api] [0-event-handler] o.a.k.c.ReplicationControlManager        : [QuorumController id=0] Replayed PartitionRecord for new partition transaction-events-0 with topic ID vQtd1IGNScKkJsV7xEvV-w and PartitionRegistration(replicas=[0], directories=[M36UwPsX4PZCRXdnJoE1BQ], isr=[0], removingReplicas=[], addingReplicas=[], elr=[], lastKnownElr=[], leader=0, leaderRecoveryState=RECOVERED, leaderEpoch=0, partitionEpoch=0).
2026-01-24T19:42:54.355-03:00  INFO 25408 --- [personal-julius-api] [r-event-handler] state.change.logger                      : [Broker id=0] Transitioning 1 partition(s) to local leaders.
2026-01-24T19:42:54.356-03:00  INFO 25408 --- [personal-julius-api] [r-event-handler] kafka.server.ReplicaFetcherManager       : [ReplicaFetcherManager on broker 0] Removed fetcher for partitions Set(transaction-events-0)
2026-01-24T19:42:54.357-03:00  INFO 25408 --- [personal-julius-api] [           main] o.apache.kafka.common.metrics.Metrics    : Metrics scheduler closed
2026-01-24T19:42:54.357-03:00  INFO 25408 --- [personal-julius-api] [           main] o.apache.kafka.common.metrics.Metrics    : Closing reporter org.apache.kafka.common.metrics.JmxReporter
2026-01-24T19:42:54.358-03:00  INFO 25408 --- [personal-julius-api] [           main] o.apache.kafka.common.metrics.Metrics    : Metrics reporters closed
2026-01-24T19:42:54.358-03:00  INFO 25408 --- [personal-julius-api] [| adminclient-1] o.a.kafka.common.utils.AppInfoParser     : App info kafka.admin.client for adminclient-1 unregistered
2026-01-24T19:42:54.359-03:00  INFO 25408 --- [personal-julius-api] [r-event-handler] state.change.logger                      : [Broker id=0] Creating new partition transaction-events-0 with topic id vQtd1IGNScKkJsV7xEvV-w.
2026-01-24T19:42:54.360-03:00  INFO 25408 --- [personal-julius-api] [| adminclient-1] o.apache.kafka.common.metrics.Metrics    : Metrics scheduler closed
2026-01-24T19:42:54.360-03:00  INFO 25408 --- [personal-julius-api] [| adminclient-1] o.apache.kafka.common.metrics.Metrics    : Closing reporter org.apache.kafka.common.metrics.JmxReporter
2026-01-24T19:42:54.360-03:00  INFO 25408 --- [personal-julius-api] [| adminclient-1] o.apache.kafka.common.metrics.Metrics    : Metrics reporters closed
2026-01-24T19:42:54.378-03:00  INFO 25408 --- [personal-julius-api] [           main] n.p.j.a.i.m.kafka.KafkaIntegrationTest   : Starting KafkaIntegrationTest using Java 17.0.17 with PID 25408 (started by isa in C:\Users\isa\NTTData)
2026-01-24T19:42:54.378-03:00 DEBUG 25408 --- [personal-julius-api] [           main] n.p.j.a.i.m.kafka.KafkaIntegrationTest   : Running with Spring Boot v4.0.1, Spring v7.0.2
2026-01-24T19:42:54.379-03:00  INFO 25408 --- [personal-julius-api] [           main] n.p.j.a.i.m.kafka.KafkaIntegrationTest   : The following 1 profile is active: "test"
2026-01-24T19:42:54.390-03:00  INFO 25408 --- [personal-julius-api] [r-event-handler] o.a.k.storage.internals.log.UnifiedLog   : [LogLoader partition=transaction-events-0, dir=C:\Users\isa\AppData\Local\Temp\kafka-8605707824903620699\combined_0_0] Loading producer state till offset 0
2026-01-24T19:42:54.391-03:00  INFO 25408 --- [personal-julius-api] [r-event-handler] kafka.log.LogManager                     : Created log for partition transaction-events-0 in C:\Users\isa\AppData\Local\Temp\kafka-8605707824903620699\combined_0_0\transaction-events-0 with properties {}
2026-01-24T19:42:54.392-03:00  INFO 25408 --- [personal-julius-api] [r-event-handler] kafka.cluster.Partition                  : [Partition transaction-events-0 broker=0] No checkpointed highwatermark is found for partition transaction-events-0
2026-01-24T19:42:54.395-03:00  INFO 25408 --- [personal-julius-api] [r-event-handler] kafka.cluster.Partition                  : [Partition transaction-events-0 broker=0] Log loaded for partition transaction-events-0 with initial high watermark 0
2026-01-24T19:42:54.402-03:00  INFO 25408 --- [personal-julius-api] [r-event-handler] state.change.logger                      : [Broker id=0] Leader transaction-events-0 with topic id Some(vQtd1IGNScKkJsV7xEvV-w) starts at leader epoch 0 from offset 0 with partition epoch 0, high watermark 0, ISR [0], adding replicas [] and removing replicas [] . Previous leader None and previous leader epoch was -1.
2026-01-24T19:42:55.684-03:00  INFO 25408 --- [personal-julius-api] [           main] .s.d.r.c.RepositoryConfigurationDelegate : Bootstrapping Spring Data JPA repositories in DEFAULT mode.
2026-01-24T19:42:55.775-03:00  INFO 25408 --- [personal-julius-api] [           main] .s.d.r.c.RepositoryConfigurationDelegate : Finished Spring Data repository scanning in 72 ms. Found 2 JPA repository interfaces.
2026-01-24T19:42:56.505-03:00  INFO 25408 --- [personal-julius-api] [           main] org.hibernate.orm.jpa                    : HHH008540: Processing PersistenceUnitInfo [name: default]
2026-01-24T19:42:56.572-03:00  INFO 25408 --- [personal-julius-api] [           main] org.hibernate.orm.core                   : HHH000001: Hibernate ORM core version 7.2.0.Final
2026-01-24T19:42:57.124-03:00  INFO 25408 --- [personal-julius-api] [           main] o.s.o.j.p.SpringPersistenceUnitInfo      : No LoadTimeWeaver setup: ignoring JPA class transformer
2026-01-24T19:42:57.167-03:00  INFO 25408 --- [personal-julius-api] [           main] com.zaxxer.hikari.HikariDataSource       : HikariPool-1 - Starting...
2026-01-24T19:42:57.501-03:00  INFO 25408 --- [personal-julius-api] [           main] com.zaxxer.hikari.pool.HikariPool        : HikariPool-1 - Added connection conn0: url=jdbc:h2:mem:testdb user=SA
2026-01-24T19:42:57.503-03:00  INFO 25408 --- [personal-julius-api] [           main] com.zaxxer.hikari.HikariDataSource       : HikariPool-1 - Start completed.
2026-01-24T19:42:57.535-03:00  WARN 25408 --- [personal-julius-api] [           main] org.hibernate.orm.deprecation            : HHH90000025: H2Dialect does not need to be specified explicitly using 'hibernate.dialect' (remove the property setting and it will be selected by default)
2026-01-24T19:42:57.569-03:00  INFO 25408 --- [personal-julius-api] [           main] org.hibernate.orm.connections.pooling    : HHH10001005: Database info:
	Database JDBC URL [jdbc:h2:mem:testdb]
	Database driver: H2 JDBC Driver
	Database dialect: H2Dialect
	Database version: 2.4.240
	Default catalog/schema: TESTDB/PUBLIC
	Autocommit mode: undefined/unknown
	Isolation level: READ_COMMITTED [default READ_COMMITTED]
	JDBC fetch size: 100
	Pool: DataSourceConnectionProvider
	Minimum pool size: undefined/unknown
	Maximum pool size: undefined/unknown
2026-01-24T19:42:58.748-03:00  INFO 25408 --- [personal-julius-api] [           main] org.hibernate.orm.core                   : HHH000489: No JTA platform available (set 'hibernate.transaction.jta.platform' to enable JTA platform integration)
2026-01-24T19:42:58.772-03:00 DEBUG 25408 --- [personal-julius-api] [           main] org.hibernate.SQL                        : 
    drop table if exists transactions cascade 
Hibernate: 
    drop table if exists transactions cascade 
2026-01-24T19:42:58.774-03:00 DEBUG 25408 --- [personal-julius-api] [           main] org.hibernate.SQL                        : 
    drop table if exists users cascade 
Hibernate: 
    drop table if exists users cascade 
2026-01-24T19:42:58.780-03:00 DEBUG 25408 --- [personal-julius-api] [           main] org.hibernate.SQL                        : 
    create table transactions (
        amount numeric(38,2),
        transaction_date date,
        created_at timestamp(6),
        id uuid not null,
        user_id uuid,
        currency varchar(255),
        description varchar(255),
        category enum ('ENTERTAINMENT','FOOD','FREELANCE','HEALTH','INVESTMENT','OTHER','SALARY','SHOPPING','TRANSPORT'),
        status enum ('APPROVED','PENDING','REJECTED') not null,
        type enum ('EXPENSE','INCOME'),
        primary key (id)
    )
Hibernate: 
    create table transactions (
        amount numeric(38,2),
        transaction_date date,
        created_at timestamp(6),
        id uuid not null,
        user_id uuid,
        currency varchar(255),
        description varchar(255),
        category enum ('ENTERTAINMENT','FOOD','FREELANCE','HEALTH','INVESTMENT','OTHER','SALARY','SHOPPING','TRANSPORT'),
        status enum ('APPROVED','PENDING','REJECTED') not null,
        type enum ('EXPENSE','INCOME'),
        primary key (id)
    )
2026-01-24T19:42:58.790-03:00 DEBUG 25408 --- [personal-julius-api] [           main] org.hibernate.SQL                        : 
    create table users (
        active boolean not null,
        created_at timestamp(6),
        id uuid not null,
        cpf varchar(255) not null unique,
        email varchar(255) not null unique,
        name varchar(255),
        password varchar(255),
        primary key (id)
    )
Hibernate: 
    create table users (
        active boolean not null,
        created_at timestamp(6),
        id uuid not null,
        cpf varchar(255) not null unique,
        email varchar(255) not null unique,
        name varchar(255),
        password varchar(255),
        primary key (id)
    )
2026-01-24T19:42:58.795-03:00  INFO 25408 --- [personal-julius-api] [           main] j.LocalContainerEntityManagerFactoryBean : Initialized JPA EntityManagerFactory for persistence unit 'default'
2026-01-24T19:42:58.913-03:00  INFO 25408 --- [personal-julius-api] [           main] o.s.d.j.r.query.QueryEnhancerFactories   : Hibernate is in classpath; If applicable, HQL parser will be used.
2026-01-24T19:43:00.261-03:00  WARN 25408 --- [personal-julius-api] [           main] JpaBaseConfiguration$JpaWebConfiguration : spring.jpa.open-in-view is enabled by default. Therefore, database queries may be performed during view rendering. Explicitly configure spring.jpa.open-in-view to disable this warning
2026-01-24T19:43:01.071-03:00  WARN 25408 --- [personal-julius-api] [           main] .s.a.UserDetailsServiceAutoConfiguration : 

Using generated security password: 77690d4d-d8ea-4133-a23b-c9f66f824e0d

This generated password is for development use only. Your security configuration must be updated before running your application in production.

2026-01-24T19:43:01.109-03:00  INFO 25408 --- [personal-julius-api] [           main] r$InitializeUserDetailsManagerConfigurer : Global AuthenticationManager configured with UserDetailsService bean with name inMemoryUserDetailsManager
2026-01-24T19:43:01.376-03:00  INFO 25408 --- [personal-julius-api] [           main] o.s.b.a.e.web.EndpointLinksResolver      : Exposing 1 endpoint beneath base path '/actuator'
2026-01-24T19:43:01.652-03:00  INFO 25408 --- [personal-julius-api] [           main] n.p.j.a.i.m.kafka.KafkaIntegrationTest   : Started KafkaIntegrationTest in 10.152 seconds (process running for 12.325)
2026-01-24T19:43:01.663-03:00  WARN 25408 --- [personal-julius-api] [           main] o.s.core.events.SpringDocAppInitializer  : SpringDoc /v3/api-docs endpoint is enabled by default. To disable it in production, set the property 'springdoc.api-docs.enabled=false'
2026-01-24T19:43:01.663-03:00  WARN 25408 --- [personal-julius-api] [           main] o.s.core.events.SpringDocAppInitializer  : SpringDoc /swagger-ui.html endpoint is enabled by default. To disable it in production, set the property 'springdoc.swagger-ui.enabled=false'
OpenJDK 64-Bit Server VM warning: Sharing is only supported for boot loader classes because bootstrap classpath has been appended
2026-01-24T19:43:02.113-03:00 DEBUG 25408 --- [personal-julius-api] [           main] org.hibernate.SQL                        : 
    select
        ue1_0.id,
        ue1_0.active,
        ue1_0.cpf,
        ue1_0.created_at,
        ue1_0.email,
        ue1_0.name,
        ue1_0.password 
    from
        users ue1_0 
    where
        ue1_0.id=?
Hibernate: 
    select
        ue1_0.id,
        ue1_0.active,
        ue1_0.cpf,
        ue1_0.created_at,
        ue1_0.email,
        ue1_0.name,
        ue1_0.password 
    from
        users ue1_0 
    where
        ue1_0.id=?
2026-01-24T19:43:02.278-03:00 DEBUG 25408 --- [personal-julius-api] [           main] org.hibernate.SQL                        : 
    insert 
    into
        users
        (active, cpf, created_at, email, name, password, id) 
    values
        (?, ?, ?, ?, ?, ?, ?)
Hibernate: 
    insert 
    into
        users
        (active, cpf, created_at, email, name, password, id) 
    values
        (?, ?, ?, ?, ?, ?, ?)
2026-01-24T19:43:02.296-03:00 DEBUG 25408 --- [personal-julius-api] [           main] org.hibernate.SQL                        : 
    select
        ue1_0.id,
        ue1_0.active,
        ue1_0.cpf,
        ue1_0.created_at,
        ue1_0.email,
        ue1_0.name,
        ue1_0.password 
    from
        users ue1_0 
    where
        ue1_0.id=?
Hibernate: 
    select
        ue1_0.id,
        ue1_0.active,
        ue1_0.cpf,
        ue1_0.created_at,
        ue1_0.email,
        ue1_0.name,
        ue1_0.password 
    from
        users ue1_0 
    where
        ue1_0.id=?
2026-01-24T19:43:02.304-03:00 DEBUG 25408 --- [personal-julius-api] [           main] org.hibernate.SQL                        : 
    select
        te1_0.id,
        te1_0.amount,
        te1_0.category,
        te1_0.created_at,
        te1_0.currency,
        te1_0.description,
        te1_0.status,
        te1_0.transaction_date,
        te1_0.type,
        te1_0.user_id 
    from
        transactions te1_0 
    where
        te1_0.id=?
Hibernate: 
    select
        te1_0.id,
        te1_0.amount,
        te1_0.category,
        te1_0.created_at,
        te1_0.currency,
        te1_0.description,
        te1_0.status,
        te1_0.transaction_date,
        te1_0.type,
        te1_0.user_id 
    from
        transactions te1_0 
    where
        te1_0.id=?
2026-01-24T19:43:02.307-03:00 DEBUG 25408 --- [personal-julius-api] [           main] org.hibernate.SQL                        : 
    select
        te1_0.id,
        te1_0.amount,
        te1_0.category,
        te1_0.created_at,
        te1_0.currency,
        te1_0.description,
        te1_0.status,
        te1_0.transaction_date,
        te1_0.type,
        te1_0.user_id 
    from
        transactions te1_0 
    where
        te1_0.id=?
Hibernate: 
    select
        te1_0.id,
        te1_0.amount,
        te1_0.category,
        te1_0.created_at,
        te1_0.currency,
        te1_0.description,
        te1_0.status,
        te1_0.transaction_date,
        te1_0.type,
        te1_0.user_id 
    from
        transactions te1_0 
    where
        te1_0.id=?
2026-01-24T19:43:02.309-03:00 DEBUG 25408 --- [personal-julius-api] [           main] org.hibernate.SQL                        : 
    insert 
    into
        transactions
        (amount, category, created_at, currency, description, status, transaction_date, type, user_id, id) 
    values
        (?, ?, ?, ?, ?, ?, ?, ?, ?, ?)
Hibernate: 
    insert 
    into
        transactions
        (amount, category, created_at, currency, description, status, transaction_date, type, user_id, id) 
    values
        (?, ?, ?, ?, ?, ?, ?, ?, ?, ?)
2026-01-24T19:43:02.328-03:00  INFO 25408 --- [personal-julius-api] [           main] o.a.kafka.common.config.AbstractConfig   : ProducerConfig values: 
	acks = -1
	batch.size = 16384
	bootstrap.servers = [localhost:50945]
	buffer.memory = 33554432
	client.dns.lookup = use_all_dns_ips
	client.id = personal-julius-api-producer-1
	compression.gzip.level = -1
	compression.lz4.level = 9
	compression.type = none
	compression.zstd.level = 3
	connections.max.idle.ms = 540000
	delivery.timeout.ms = 120000
	enable.idempotence = true
	enable.metrics.push = true
	interceptor.classes = []
	key.serializer = class org.apache.kafka.common.serialization.StringSerializer
	linger.ms = 5
	max.block.ms = 60000
	max.in.flight.requests.per.connection = 5
	max.request.size = 1048576
	metadata.max.age.ms = 300000
	metadata.max.idle.ms = 300000
	metadata.recovery.rebootstrap.trigger.ms = 300000
	metadata.recovery.strategy = rebootstrap
	metric.reporters = [org.apache.kafka.common.metrics.JmxReporter]
	metrics.num.samples = 2
	metrics.recording.level = INFO
	metrics.sample.window.ms = 30000
	partitioner.adaptive.partitioning.enable = true
	partitioner.availability.timeout.ms = 0
	partitioner.class = null
	partitioner.ignore.keys = false
	receive.buffer.bytes = 32768
	reconnect.backoff.max.ms = 1000
	reconnect.backoff.ms = 50
	request.timeout.ms = 30000
	retries = 2147483647
	retry.backoff.max.ms = 1000
	retry.backoff.ms = 100
	sasl.client.callback.handler.class = null
	sasl.jaas.config = null
	sasl.kerberos.kinit.cmd = /usr/bin/kinit
	sasl.kerberos.min.time.before.relogin = 60000
	sasl.kerberos.service.name = null
	sasl.kerberos.ticket.renew.jitter = 0.05
	sasl.kerberos.ticket.renew.window.factor = 0.8
	sasl.login.callback.handler.class = null
	sasl.login.class = null
	sasl.login.connect.timeout.ms = null
	sasl.login.read.timeout.ms = null
	sasl.login.refresh.buffer.seconds = 300
	sasl.login.refresh.min.period.seconds = 60
	sasl.login.refresh.window.factor = 0.8
	sasl.login.refresh.window.jitter = 0.05
	sasl.login.retry.backoff.max.ms = 10000
	sasl.login.retry.backoff.ms = 100
	sasl.mechanism = GSSAPI
	sasl.oauthbearer.assertion.algorithm = RS256
	sasl.oauthbearer.assertion.claim.aud = null
	sasl.oauthbearer.assertion.claim.exp.seconds = 300
	sasl.oauthbearer.assertion.claim.iss = null
	sasl.oauthbearer.assertion.claim.jti.include = false
	sasl.oauthbearer.assertion.claim.nbf.seconds = 60
	sasl.oauthbearer.assertion.claim.sub = null
	sasl.oauthbearer.assertion.file = null
	sasl.oauthbearer.assertion.private.key.file = null
	sasl.oauthbearer.assertion.private.key.passphrase = null
	sasl.oauthbearer.assertion.template.file = null
	sasl.oauthbearer.client.credentials.client.id = null
	sasl.oauthbearer.client.credentials.client.secret = null
	sasl.oauthbearer.clock.skew.seconds = 30
	sasl.oauthbearer.expected.audience = null
	sasl.oauthbearer.expected.issuer = null
	sasl.oauthbearer.header.urlencode = false
	sasl.oauthbearer.jwks.endpoint.refresh.ms = 3600000
	sasl.oauthbearer.jwks.endpoint.retry.backoff.max.ms = 10000
	sasl.oauthbearer.jwks.endpoint.retry.backoff.ms = 100
	sasl.oauthbearer.jwks.endpoint.url = null
	sasl.oauthbearer.jwt.retriever.class = class org.apache.kafka.common.security.oauthbearer.DefaultJwtRetriever
	sasl.oauthbearer.jwt.validator.class = class org.apache.kafka.common.security.oauthbearer.DefaultJwtValidator
	sasl.oauthbearer.scope = null
	sasl.oauthbearer.scope.claim.name = scope
	sasl.oauthbearer.sub.claim.name = sub
	sasl.oauthbearer.token.endpoint.url = null
	security.protocol = PLAINTEXT
	security.providers = null
	send.buffer.bytes = 131072
	socket.connection.setup.timeout.max.ms = 30000
	socket.connection.setup.timeout.ms = 10000
	ssl.cipher.suites = null
	ssl.enabled.protocols = [TLSv1.2, TLSv1.3]
	ssl.endpoint.identification.algorithm = https
	ssl.engine.factory.class = null
	ssl.key.password = null
	ssl.keymanager.algorithm = SunX509
	ssl.keystore.certificate.chain = null
	ssl.keystore.key = null
	ssl.keystore.location = null
	ssl.keystore.password = null
	ssl.keystore.type = JKS
	ssl.protocol = TLSv1.3
	ssl.provider = null
	ssl.secure.random.implementation = null
	ssl.trustmanager.algorithm = PKIX
	ssl.truststore.certificates = null
	ssl.truststore.location = null
	ssl.truststore.password = null
	ssl.truststore.type = JKS
	transaction.timeout.ms = 60000
	transaction.two.phase.commit.enable = false
	transactional.id = null
	value.serializer = class org.springframework.kafka.support.serializer.JsonSerializer

2026-01-24T19:43:02.365-03:00  INFO 25408 --- [personal-julius-api] [           main] o.a.k.c.t.i.KafkaMetricsCollector        : initializing Kafka metrics collector
2026-01-24T19:43:02.391-03:00  INFO 25408 --- [personal-julius-api] [           main] o.a.k.clients.producer.KafkaProducer     : [Producer clientId=personal-julius-api-producer-1] Instantiated an idempotent producer.
2026-01-24T19:43:02.421-03:00  INFO 25408 --- [personal-julius-api] [           main] o.a.kafka.common.utils.AppInfoParser     : Kafka version: 4.1.1
2026-01-24T19:43:02.421-03:00  INFO 25408 --- [personal-julius-api] [           main] o.a.kafka.common.utils.AppInfoParser     : Kafka commitId: be816b82d25370ce
2026-01-24T19:43:02.421-03:00  INFO 25408 --- [personal-julius-api] [           main] o.a.kafka.common.utils.AppInfoParser     : Kafka startTimeMs: 1769294582421
2026-01-24T19:43:02.438-03:00  INFO 25408 --- [personal-julius-api] [-api-producer-1] org.apache.kafka.clients.Metadata        : [Producer clientId=personal-julius-api-producer-1] Cluster ID: RBOfXYS4Ttq2wy-G5Ld91Q
2026-01-24T19:43:02.440-03:00  INFO 25408 --- [personal-julius-api] [0-event-handler] o.a.k.c.ProducerIdControlManager         : [QuorumController id=0] Replaying ProducerIdsRecord ProducerIdsRecord(brokerId=0, brokerEpoch=10, nextProducerId=1000)
ID DA TRANSAÇÃO CRIADA: 093e28b8-459f-4f58-b4d1-2259f6da90de
2026-01-24T19:43:02.554-03:00  INFO 25408 --- [personal-julius-api] [-api-producer-1] o.a.k.c.p.internals.TransactionManager   : [Producer clientId=personal-julius-api-producer-1] ProducerId set to 0 with epoch 0
2026-01-24T19:43:12.501-03:00 DEBUG 25408 --- [personal-julius-api] [           main] org.hibernate.SQL                        : 
    select
        te1_0.id,
        te1_0.amount,
        te1_0.category,
        te1_0.created_at,
        te1_0.currency,
        te1_0.description,
        te1_0.status,
        te1_0.transaction_date,
        te1_0.type,
        te1_0.user_id 
    from
        transactions te1_0 
    where
        te1_0.id=?
Hibernate: 
    select
        te1_0.id,
        te1_0.amount,
        te1_0.category,
        te1_0.created_at,
        te1_0.currency,
        te1_0.description,
        te1_0.status,
        te1_0.transaction_date,
        te1_0.type,
        te1_0.user_id 
    from
        transactions te1_0 
    where
        te1_0.id=?
STATUS DA TRANSAÇÃO NO BANCO: PENDING
2026-01-24T19:43:12.589-03:00  INFO 25408 --- [personal-julius-api] [           main] o.a.k.clients.producer.KafkaProducer     : [Producer clientId=personal-julius-api-producer-1] Closing the Kafka producer with timeoutMillis = 30000 ms.
2026-01-24T19:43:12.593-03:00  INFO 25408 --- [personal-julius-api] [           main] o.apache.kafka.common.metrics.Metrics    : Metrics scheduler closed
2026-01-24T19:43:12.593-03:00  INFO 25408 --- [personal-julius-api] [           main] o.apache.kafka.common.metrics.Metrics    : Closing reporter org.apache.kafka.common.metrics.JmxReporter
2026-01-24T19:43:12.593-03:00  INFO 25408 --- [personal-julius-api] [           main] o.apache.kafka.common.metrics.Metrics    : Closing reporter org.apache.kafka.common.telemetry.internals.ClientTelemetryReporter
2026-01-24T19:43:12.593-03:00  INFO 25408 --- [personal-julius-api] [           main] o.apache.kafka.common.metrics.Metrics    : Metrics reporters closed
2026-01-24T19:43:12.595-03:00  INFO 25408 --- [personal-julius-api] [           main] o.a.kafka.common.utils.AppInfoParser     : App info kafka.producer for personal-julius-api-producer-1 unregistered
2026-01-24T19:43:12.599-03:00  INFO 25408 --- [personal-julius-api] [ster-test-kit-2] kafka.server.BrokerServer                : [BrokerServer id=0] Transition from STARTED to SHUTTING_DOWN
2026-01-24T19:43:12.599-03:00  INFO 25408 --- [personal-julius-api] [ster-test-kit-2] kafka.server.BrokerServer                : [BrokerServer id=0] shutting down
2026-01-24T19:43:12.600-03:00  INFO 25408 --- [personal-julius-api] [r-event-handler] kafka.server.BrokerLifecycleManager      : [BrokerLifecycleManager id=0] Beginning controlled shutdown.
2026-01-24T19:43:12.601-03:00  INFO 25408 --- [personal-julius-api] [0-event-handler] o.a.k.controller.BrokerHeartbeatManager  : [QuorumController id=0] Unfenced broker 0 has requested and been granted a controlled shutdown.
2026-01-24T19:43:12.608-03:00  INFO 25408 --- [personal-julius-api] [0-event-handler] o.a.k.c.ReplicationControlManager        : [QuorumController id=0] enterControlledShutdown[0]: changing 1 partition(s)
2026-01-24T19:43:12.608-03:00  INFO 25408 --- [personal-julius-api] [0-event-handler] o.a.k.controller.ClusterControlManager   : [QuorumController id=0] Replayed BrokerRegistrationChangeRecord modifying the registration for broker 0: BrokerRegistrationChangeRecord(brokerId=0, brokerEpoch=10, fenced=0, inControlledShutdown=1, logDirs=[])
2026-01-24T19:43:12.642-03:00  INFO 25408 --- [personal-julius-api] [r-event-handler] kafka.server.BrokerLifecycleManager      : [BrokerLifecycleManager id=0] The broker is in PENDING_CONTROLLED_SHUTDOWN state, still waiting for the active controller.
2026-01-24T19:43:12.642-03:00  INFO 25408 --- [personal-julius-api] [r-event-handler] state.change.logger                      : [Broker id=0] Transitioning 1 partition(s) to local followers.
2026-01-24T19:43:12.649-03:00  INFO 25408 --- [personal-julius-api] [r-event-handler] state.change.logger                      : [Broker id=0] Follower transaction-events-0 starts at leader epoch 1 from offset 1 with partition epoch 1 and high watermark 1. Current leader is -1. Previous leader Some(-1) and previous leader epoch was 1.
2026-01-24T19:43:12.651-03:00  INFO 25408 --- [personal-julius-api] [r-event-handler] kafka.server.ReplicaFetcherManager       : [ReplicaFetcherManager on broker 0] Removed fetcher for partitions Set(transaction-events-0)
2026-01-24T19:43:12.651-03:00  INFO 25408 --- [personal-julius-api] [r-event-handler] k.server.ReplicaAlterLogDirsManager      : [ReplicaAlterLogDirsManager on broker 0] Removed fetcher for partitions Set(transaction-events-0)
2026-01-24T19:43:12.652-03:00  INFO 25408 --- [personal-julius-api] [r-event-handler] state.change.logger                      : [Broker id=0] Stopped fetchers as part of controlled shutdown for 1 partitions
2026-01-24T19:43:12.704-03:00  INFO 25408 --- [personal-julius-api] [0-event-handler] o.a.k.controller.BrokerHeartbeatManager  : [QuorumController id=0] The request from broker 0 to shut down has been granted since the lowest active offset 9223372036854775807 is now greater than the broker's controlled shutdown offset 53.
2026-01-24T19:43:12.704-03:00  INFO 25408 --- [personal-julius-api] [0-event-handler] o.a.k.controller.ClusterControlManager   : [QuorumController id=0] Replayed BrokerRegistrationChangeRecord modifying the registration for broker 0: BrokerRegistrationChangeRecord(brokerId=0, brokerEpoch=10, fenced=1, inControlledShutdown=0, logDirs=[])
2026-01-24T19:43:12.735-03:00  INFO 25408 --- [personal-julius-api] [r-event-handler] kafka.server.BrokerLifecycleManager      : [BrokerLifecycleManager id=0] The controller has asked us to exit controlled shutdown.
2026-01-24T19:43:12.735-03:00  INFO 25408 --- [personal-julius-api] [r-event-handler] org.apache.kafka.queue.KafkaEventQueue   : [BrokerLifecycleManager id=0] beginShutdown: shutting down event queue.
2026-01-24T19:43:12.736-03:00  INFO 25408 --- [personal-julius-api] [r-event-handler] kafka.server.BrokerLifecycleManager      : [BrokerLifecycleManager id=0] Transitioning from PENDING_CONTROLLED_SHUTDOWN to SHUTTING_DOWN.
2026-01-24T19:43:12.736-03:00  INFO 25408 --- [personal-julius-api] [r-event-handler] k.server.NodeToControllerRequestThread   : [broker-0-to-controller-heartbeat-channel-manager]: Shutting down
2026-01-24T19:43:12.737-03:00  INFO 25408 --- [personal-julius-api] [channel-manager] k.server.NodeToControllerRequestThread   : [broker-0-to-controller-heartbeat-channel-manager]: Stopped
2026-01-24T19:43:12.737-03:00  INFO 25408 --- [personal-julius-api] [r-event-handler] k.server.NodeToControllerRequestThread   : [broker-0-to-controller-heartbeat-channel-manager]: Shutdown completed
2026-01-24T19:43:12.737-03:00  INFO 25408 --- [personal-julius-api] [ster-test-kit-2] kafka.network.SocketServer               : [SocketServer listenerType=BROKER, nodeId=0] Stopping socket server request processors
2026-01-24T19:43:12.739-03:00  INFO 25408 --- [personal-julius-api] [r-event-handler] k.s.NodeToControllerChannelManagerImpl   : Node to controller channel manager for heartbeat shutdown
2026-01-24T19:43:12.743-03:00  INFO 25408 --- [personal-julius-api] [ster-test-kit-2] kafka.network.SocketServer               : [SocketServer listenerType=BROKER, nodeId=0] Stopped socket server request processors
2026-01-24T19:43:12.745-03:00  INFO 25408 --- [personal-julius-api] [ster-test-kit-2] kafka.server.KafkaRequestHandlerPool     : [data-plane Kafka Request Handler on Broker 0] shutting down
2026-01-24T19:43:12.746-03:00  INFO 25408 --- [personal-julius-api] [ster-test-kit-2] kafka.server.KafkaRequestHandlerPool     : [data-plane Kafka Request Handler on Broker 0] shut down completely
2026-01-24T19:43:12.747-03:00  INFO 25408 --- [personal-julius-api] [ster-test-kit-2] perationPurgatory$ExpiredOperationReaper : [ExpirationReaper-0-AlterAcls]: Shutting down
2026-01-24T19:43:12.748-03:00  INFO 25408 --- [personal-julius-api] [ster-test-kit-2] perationPurgatory$ExpiredOperationReaper : [ExpirationReaper-0-AlterAcls]: Shutdown completed
2026-01-24T19:43:12.748-03:00  INFO 25408 --- [personal-julius-api] [per-0-AlterAcls] perationPurgatory$ExpiredOperationReaper : [ExpirationReaper-0-AlterAcls]: Stopped
2026-01-24T19:43:12.749-03:00  INFO 25408 --- [personal-julius-api] [ster-test-kit-2] kafka.server.KafkaApis                   : [KafkaApi-0] Shutdown complete.
2026-01-24T19:43:12.750-03:00  INFO 25408 --- [personal-julius-api] [ster-test-kit-2] k.c.transaction.TransactionCoordinator   : [TransactionCoordinator id=0] Shutting down.
2026-01-24T19:43:12.751-03:00  INFO 25408 --- [personal-julius-api] [ster-test-kit-2] k.c.transaction.TransactionStateManager  : [Transaction State Manager 0]: Shutdown complete
2026-01-24T19:43:12.751-03:00  INFO 25408 --- [personal-julius-api] [ster-test-kit-2] k.c.t.TransactionMarkerChannelManager    : [TxnMarkerSenderThread-0]: Shutting down
2026-01-24T19:43:12.751-03:00  INFO 25408 --- [personal-julius-api] [rSenderThread-0] k.c.t.TransactionMarkerChannelManager    : [TxnMarkerSenderThread-0]: Stopped
2026-01-24T19:43:12.751-03:00  INFO 25408 --- [personal-julius-api] [ster-test-kit-2] k.c.t.TransactionMarkerChannelManager    : [TxnMarkerSenderThread-0]: Shutdown completed
2026-01-24T19:43:12.753-03:00  INFO 25408 --- [personal-julius-api] [ster-test-kit-2] k.c.transaction.TransactionCoordinator   : [TransactionCoordinator id=0] Shutdown complete.
2026-01-24T19:43:12.754-03:00  INFO 25408 --- [personal-julius-api] [ster-test-kit-2] o.a.k.c.group.GroupCoordinatorService    : [GroupCoordinator id=0] Shutting down.
2026-01-24T19:43:12.754-03:00  INFO 25408 --- [personal-julius-api] [ster-test-kit-2] o.a.k.c.c.runtime.CoordinatorRuntime     : [GroupCoordinator id=0] Closing coordinator runtime.
2026-01-24T19:43:12.754-03:00  INFO 25408 --- [personal-julius-api] [ster-test-kit-2] o.a.k.s.u.t.SystemTimerReaper$Reaper     : [group-coordinator-reaper]: Shutting down
2026-01-24T19:43:12.755-03:00  INFO 25408 --- [personal-julius-api] [ster-test-kit-2] o.a.k.s.u.t.SystemTimerReaper$Reaper     : [group-coordinator-reaper]: Shutdown completed
2026-01-24T19:43:12.755-03:00  INFO 25408 --- [personal-julius-api] [rdinator-reaper] o.a.k.s.u.t.SystemTimerReaper$Reaper     : [group-coordinator-reaper]: Stopped
2026-01-24T19:43:12.755-03:00  INFO 25408 --- [personal-julius-api] [ster-test-kit-2] o.a.k.c.c.r.MultiThreadedEventProcessor  : [GroupCoordinator id=0] Shutting down event processor.
2026-01-24T19:43:12.755-03:00  INFO 25408 --- [personal-julius-api] [ent-processor-0] eadedEventProcessor$EventProcessorThread : [group-coordinator-event-processor-0]: Shutting down. Draining the remaining events.
2026-01-24T19:43:12.755-03:00  INFO 25408 --- [personal-julius-api] [ent-processor-2] eadedEventProcessor$EventProcessorThread : [group-coordinator-event-processor-2]: Shutting down. Draining the remaining events.
2026-01-24T19:43:12.755-03:00  INFO 25408 --- [personal-julius-api] [ent-processor-1] eadedEventProcessor$EventProcessorThread : [group-coordinator-event-processor-1]: Shutting down. Draining the remaining events.
2026-01-24T19:43:12.755-03:00  INFO 25408 --- [personal-julius-api] [ent-processor-2] eadedEventProcessor$EventProcessorThread : [group-coordinator-event-processor-2]: Shutdown completed
2026-01-24T19:43:12.755-03:00  INFO 25408 --- [personal-julius-api] [ent-processor-3] eadedEventProcessor$EventProcessorThread : [group-coordinator-event-processor-3]: Shutting down. Draining the remaining events.
2026-01-24T19:43:12.755-03:00  INFO 25408 --- [personal-julius-api] [ent-processor-0] eadedEventProcessor$EventProcessorThread : [group-coordinator-event-processor-0]: Shutdown completed
2026-01-24T19:43:12.755-03:00  INFO 25408 --- [personal-julius-api] [ent-processor-1] eadedEventProcessor$EventProcessorThread : [group-coordinator-event-processor-1]: Shutdown completed
2026-01-24T19:43:12.755-03:00  INFO 25408 --- [personal-julius-api] [ent-processor-3] eadedEventProcessor$EventProcessorThread : [group-coordinator-event-processor-3]: Shutdown completed
2026-01-24T19:43:12.755-03:00  INFO 25408 --- [personal-julius-api] [ster-test-kit-2] o.a.k.c.c.r.MultiThreadedEventProcessor  : [GroupCoordinator id=0] Event processor closed.
2026-01-24T19:43:12.759-03:00  INFO 25408 --- [personal-julius-api] [ster-test-kit-2] o.a.k.c.c.runtime.CoordinatorRuntime     : [GroupCoordinator id=0] Coordinator runtime closed.
2026-01-24T19:43:12.760-03:00  INFO 25408 --- [personal-julius-api] [ster-test-kit-2] o.a.k.c.group.GroupCoordinatorService    : [GroupCoordinator id=0] Shutdown complete.
2026-01-24T19:43:12.760-03:00  INFO 25408 --- [personal-julius-api] [ster-test-kit-2] o.a.k.c.share.ShareCoordinatorService    : [ShareCoordinator id=0] Shutting down.
2026-01-24T19:43:12.760-03:00  INFO 25408 --- [personal-julius-api] [ster-test-kit-2] o.a.k.c.c.runtime.CoordinatorRuntime     : [ShareCoordinator id=0] Closing coordinator runtime.
2026-01-24T19:43:12.760-03:00  INFO 25408 --- [personal-julius-api] [ster-test-kit-2] o.a.k.s.u.t.SystemTimerReaper$Reaper     : [share-coordinator-reaper]: Shutting down
2026-01-24T19:43:12.760-03:00  INFO 25408 --- [personal-julius-api] [rdinator-reaper] o.a.k.s.u.t.SystemTimerReaper$Reaper     : [share-coordinator-reaper]: Stopped
2026-01-24T19:43:12.760-03:00  INFO 25408 --- [personal-julius-api] [ster-test-kit-2] o.a.k.s.u.t.SystemTimerReaper$Reaper     : [share-coordinator-reaper]: Shutdown completed
2026-01-24T19:43:12.760-03:00  INFO 25408 --- [personal-julius-api] [ster-test-kit-2] o.a.k.c.c.r.MultiThreadedEventProcessor  : [ShareCoordinator id=0] Shutting down event processor.
2026-01-24T19:43:12.760-03:00  INFO 25408 --- [personal-julius-api] [ent-processor-0] eadedEventProcessor$EventProcessorThread : [share-coordinator-event-processor-0]: Shutting down. Draining the remaining events.
2026-01-24T19:43:12.761-03:00  INFO 25408 --- [personal-julius-api] [ent-processor-0] eadedEventProcessor$EventProcessorThread : [share-coordinator-event-processor-0]: Shutdown completed
2026-01-24T19:43:12.761-03:00  INFO 25408 --- [personal-julius-api] [ster-test-kit-2] o.a.k.c.c.r.MultiThreadedEventProcessor  : [ShareCoordinator id=0] Event processor closed.
2026-01-24T19:43:12.761-03:00  INFO 25408 --- [personal-julius-api] [ster-test-kit-2] o.a.k.c.c.runtime.CoordinatorRuntime     : [ShareCoordinator id=0] Coordinator runtime closed.
2026-01-24T19:43:12.762-03:00  INFO 25408 --- [personal-julius-api] [ster-test-kit-2] o.a.k.c.share.ShareCoordinatorService    : [ShareCoordinator id=0] Shutdown complete.
2026-01-24T19:43:12.762-03:00  INFO 25408 --- [personal-julius-api] [ster-test-kit-2] org.apache.kafka.queue.KafkaEventQueue   : [AssignmentsManager id=0]KafkaEventQueue#close: shutting down event queue.
2026-01-24T19:43:12.762-03:00  INFO 25408 --- [personal-julius-api] [r-event-handler] o.a.kafka.server.AssignmentsManager      : [AssignmentsManager id=0] shutting down.
2026-01-24T19:43:12.762-03:00  INFO 25408 --- [personal-julius-api] [r-event-handler] k.server.NodeToControllerRequestThread   : [broker-0-to-controller-directory-assignments-channel-manager]: Shutting down
2026-01-24T19:43:12.763-03:00  INFO 25408 --- [personal-julius-api] [r-event-handler] k.server.NodeToControllerRequestThread   : [broker-0-to-controller-directory-assignments-channel-manager]: Shutdown completed
2026-01-24T19:43:12.763-03:00  INFO 25408 --- [personal-julius-api] [channel-manager] k.server.NodeToControllerRequestThread   : [broker-0-to-controller-directory-assignments-channel-manager]: Stopped
2026-01-24T19:43:12.763-03:00  INFO 25408 --- [personal-julius-api] [r-event-handler] k.s.NodeToControllerChannelManagerImpl   : Node to controller channel manager for directory-assignments shutdown
2026-01-24T19:43:12.763-03:00  INFO 25408 --- [personal-julius-api] [ster-test-kit-2] org.apache.kafka.queue.KafkaEventQueue   : [AssignmentsManager id=0]closed event queue.
2026-01-24T19:43:12.763-03:00  INFO 25408 --- [personal-julius-api] [ster-test-kit-2] kafka.server.ReplicaManager              : [ReplicaManager broker=0] Shutting down
2026-01-24T19:43:12.764-03:00  INFO 25408 --- [personal-julius-api] [ster-test-kit-2] k.s.ReplicaManager$LogDirFailureHandler  : [LogDirFailureHandler]: Shutting down
2026-01-24T19:43:12.764-03:00  INFO 25408 --- [personal-julius-api] [rFailureHandler] k.s.ReplicaManager$LogDirFailureHandler  : [LogDirFailureHandler]: Stopped
2026-01-24T19:43:12.764-03:00  INFO 25408 --- [personal-julius-api] [ster-test-kit-2] k.s.ReplicaManager$LogDirFailureHandler  : [LogDirFailureHandler]: Shutdown completed
2026-01-24T19:43:12.764-03:00  INFO 25408 --- [personal-julius-api] [ster-test-kit-2] kafka.server.ReplicaFetcherManager       : [ReplicaFetcherManager on broker 0] shutting down
2026-01-24T19:43:12.765-03:00  INFO 25408 --- [personal-julius-api] [ster-test-kit-2] kafka.server.ReplicaFetcherManager       : [ReplicaFetcherManager on broker 0] shutdown completed
2026-01-24T19:43:12.766-03:00  INFO 25408 --- [personal-julius-api] [ster-test-kit-2] k.server.ReplicaAlterLogDirsManager      : [ReplicaAlterLogDirsManager on broker 0] shutting down
2026-01-24T19:43:12.766-03:00  INFO 25408 --- [personal-julius-api] [ster-test-kit-2] k.server.ReplicaAlterLogDirsManager      : [ReplicaAlterLogDirsManager on broker 0] shutdown completed
2026-01-24T19:43:12.767-03:00  INFO 25408 --- [personal-julius-api] [ster-test-kit-2] perationPurgatory$ExpiredOperationReaper : [ExpirationReaper-0-Fetch]: Shutting down
2026-01-24T19:43:12.767-03:00  INFO 25408 --- [personal-julius-api] [ster-test-kit-2] perationPurgatory$ExpiredOperationReaper : [ExpirationReaper-0-Fetch]: Shutdown completed
2026-01-24T19:43:12.767-03:00  INFO 25408 --- [personal-julius-api] [nReaper-0-Fetch] perationPurgatory$ExpiredOperationReaper : [ExpirationReaper-0-Fetch]: Stopped
2026-01-24T19:43:12.768-03:00  INFO 25408 --- [personal-julius-api] [ster-test-kit-2] perationPurgatory$ExpiredOperationReaper : [ExpirationReaper-0-RemoteFetch]: Shutting down
2026-01-24T19:43:12.768-03:00  INFO 25408 --- [personal-julius-api] [ster-test-kit-2] perationPurgatory$ExpiredOperationReaper : [ExpirationReaper-0-RemoteFetch]: Shutdown completed
2026-01-24T19:43:12.768-03:00  INFO 25408 --- [personal-julius-api] [r-0-RemoteFetch] perationPurgatory$ExpiredOperationReaper : [ExpirationReaper-0-RemoteFetch]: Stopped
2026-01-24T19:43:12.768-03:00  INFO 25408 --- [personal-julius-api] [ster-test-kit-2] perationPurgatory$ExpiredOperationReaper : [ExpirationReaper-0-RemoteListOffsets]: Shutting down
2026-01-24T19:43:12.769-03:00  INFO 25408 --- [personal-julius-api] [ster-test-kit-2] perationPurgatory$ExpiredOperationReaper : [ExpirationReaper-0-RemoteListOffsets]: Shutdown completed
2026-01-24T19:43:12.769-03:00  INFO 25408 --- [personal-julius-api] [moteListOffsets] perationPurgatory$ExpiredOperationReaper : [ExpirationReaper-0-RemoteListOffsets]: Stopped
2026-01-24T19:43:12.769-03:00  INFO 25408 --- [personal-julius-api] [ster-test-kit-2] perationPurgatory$ExpiredOperationReaper : [ExpirationReaper-0-Produce]: Shutting down
2026-01-24T19:43:12.769-03:00  INFO 25408 --- [personal-julius-api] [eaper-0-Produce] perationPurgatory$ExpiredOperationReaper : [ExpirationReaper-0-Produce]: Stopped
2026-01-24T19:43:12.769-03:00  INFO 25408 --- [personal-julius-api] [ster-test-kit-2] perationPurgatory$ExpiredOperationReaper : [ExpirationReaper-0-Produce]: Shutdown completed
2026-01-24T19:43:12.770-03:00  INFO 25408 --- [personal-julius-api] [ster-test-kit-2] perationPurgatory$ExpiredOperationReaper : [ExpirationReaper-0-DeleteRecords]: Shutting down
2026-01-24T19:43:12.770-03:00  INFO 25408 --- [personal-julius-api] [ster-test-kit-2] perationPurgatory$ExpiredOperationReaper : [ExpirationReaper-0-DeleteRecords]: Shutdown completed
2026-01-24T19:43:12.770-03:00  INFO 25408 --- [personal-julius-api] [0-DeleteRecords] perationPurgatory$ExpiredOperationReaper : [ExpirationReaper-0-DeleteRecords]: Stopped
2026-01-24T19:43:12.770-03:00  INFO 25408 --- [personal-julius-api] [ster-test-kit-2] perationPurgatory$ExpiredOperationReaper : [ExpirationReaper-0-ShareFetch]: Shutting down
2026-01-24T19:43:12.770-03:00  INFO 25408 --- [personal-julius-api] [er-0-ShareFetch] perationPurgatory$ExpiredOperationReaper : [ExpirationReaper-0-ShareFetch]: Stopped
2026-01-24T19:43:12.770-03:00  INFO 25408 --- [personal-julius-api] [ster-test-kit-2] perationPurgatory$ExpiredOperationReaper : [ExpirationReaper-0-ShareFetch]: Shutdown completed
2026-01-24T19:43:12.774-03:00  INFO 25408 --- [personal-julius-api] [ster-test-kit-2] o.a.k.s.t.AddPartitionsToTxnManager      : [AddPartitionsToTxnSenderThread-0]: Shutting down
2026-01-24T19:43:12.774-03:00  INFO 25408 --- [personal-julius-api] [nSenderThread-0] o.a.k.s.t.AddPartitionsToTxnManager      : [AddPartitionsToTxnSenderThread-0]: Stopped
2026-01-24T19:43:12.774-03:00  INFO 25408 --- [personal-julius-api] [ster-test-kit-2] o.a.k.s.t.AddPartitionsToTxnManager      : [AddPartitionsToTxnSenderThread-0]: Shutdown completed
2026-01-24T19:43:12.775-03:00  INFO 25408 --- [personal-julius-api] [ster-test-kit-2] kafka.server.ReplicaManager              : [ReplicaManager broker=0] Shut down completely
2026-01-24T19:43:12.775-03:00  INFO 25408 --- [personal-julius-api] [ster-test-kit-2] k.server.NodeToControllerRequestThread   : [broker-0-to-controller-alter-partition-channel-manager]: Shutting down
2026-01-24T19:43:12.775-03:00  INFO 25408 --- [personal-julius-api] [channel-manager] k.server.NodeToControllerRequestThread   : [broker-0-to-controller-alter-partition-channel-manager]: Stopped
2026-01-24T19:43:12.775-03:00  INFO 25408 --- [personal-julius-api] [ster-test-kit-2] k.server.NodeToControllerRequestThread   : [broker-0-to-controller-alter-partition-channel-manager]: Shutdown completed
2026-01-24T19:43:12.775-03:00  INFO 25408 --- [personal-julius-api] [ster-test-kit-2] k.s.NodeToControllerChannelManagerImpl   : Node to controller channel manager for alter-partition shutdown
2026-01-24T19:43:12.775-03:00  INFO 25408 --- [personal-julius-api] [ster-test-kit-2] k.server.NodeToControllerRequestThread   : [broker-0-to-controller-forwarding-channel-manager]: Shutting down
2026-01-24T19:43:12.776-03:00  INFO 25408 --- [personal-julius-api] [ster-test-kit-2] k.server.NodeToControllerRequestThread   : [broker-0-to-controller-forwarding-channel-manager]: Shutdown completed
2026-01-24T19:43:12.775-03:00  INFO 25408 --- [personal-julius-api] [channel-manager] k.server.NodeToControllerRequestThread   : [broker-0-to-controller-forwarding-channel-manager]: Stopped
2026-01-24T19:43:12.776-03:00  INFO 25408 --- [personal-julius-api] [ster-test-kit-2] k.s.NodeToControllerChannelManagerImpl   : Node to controller channel manager for forwarding shutdown
2026-01-24T19:43:12.777-03:00  INFO 25408 --- [personal-julius-api] [ster-test-kit-2] kafka.log.LogManager                     : Shutting down.
2026-01-24T19:43:12.777-03:00  INFO 25408 --- [personal-julius-api] [ster-test-kit-2] o.a.k.storage.internals.log.LogCleaner   : Shutting down the log cleaner.
2026-01-24T19:43:12.777-03:00  INFO 25408 --- [personal-julius-api] [ster-test-kit-2] o.a.k.s.i.log.LogCleaner$CleanerThread   : [kafka-log-cleaner-thread-0]: Shutting down
2026-01-24T19:43:12.777-03:00  INFO 25408 --- [personal-julius-api] [leaner-thread-0] o.a.k.s.i.log.LogCleaner$CleanerThread   : [kafka-log-cleaner-thread-0]: Stopped
2026-01-24T19:43:12.777-03:00  INFO 25408 --- [personal-julius-api] [ster-test-kit-2] o.a.k.s.i.log.LogCleaner$CleanerThread   : [kafka-log-cleaner-thread-0]: Shutdown completed
2026-01-24T19:43:12.785-03:00  INFO 25408 --- [personal-julius-api] [99\combined_0_0] o.a.k.s.i.log.ProducerStateManager       : [ProducerStateManager partition=transaction-events-0] Wrote producer snapshot at offset 1 with 1 producer ids in 3 ms.
2026-01-24T19:43:12.802-03:00  INFO 25408 --- [personal-julius-api] [ster-test-kit-2] kafka.log.LogManager                     : Shutdown complete.
2026-01-24T19:43:12.802-03:00  INFO 25408 --- [personal-julius-api] [ster-test-kit-2] lientQuotaManager$ThrottledChannelReaper : [broker-0-ThrottledChannelReaper-Fetch]: Shutting down
2026-01-24T19:43:12.803-03:00  INFO 25408 --- [personal-julius-api] [nelReaper-Fetch] lientQuotaManager$ThrottledChannelReaper : [broker-0-ThrottledChannelReaper-Fetch]: Stopped
2026-01-24T19:43:12.803-03:00  INFO 25408 --- [personal-julius-api] [ster-test-kit-2] lientQuotaManager$ThrottledChannelReaper : [broker-0-ThrottledChannelReaper-Fetch]: Shutdown completed
2026-01-24T19:43:12.803-03:00  INFO 25408 --- [personal-julius-api] [ster-test-kit-2] lientQuotaManager$ThrottledChannelReaper : [broker-0-ThrottledChannelReaper-Produce]: Shutting down
2026-01-24T19:43:12.803-03:00  INFO 25408 --- [personal-julius-api] [lReaper-Produce] lientQuotaManager$ThrottledChannelReaper : [broker-0-ThrottledChannelReaper-Produce]: Stopped
2026-01-24T19:43:12.803-03:00  INFO 25408 --- [personal-julius-api] [ster-test-kit-2] lientQuotaManager$ThrottledChannelReaper : [broker-0-ThrottledChannelReaper-Produce]: Shutdown completed
2026-01-24T19:43:12.804-03:00  INFO 25408 --- [personal-julius-api] [ster-test-kit-2] lientQuotaManager$ThrottledChannelReaper : [broker-0-ThrottledChannelReaper-Request]: Shutting down
2026-01-24T19:43:12.804-03:00  INFO 25408 --- [personal-julius-api] [lReaper-Request] lientQuotaManager$ThrottledChannelReaper : [broker-0-ThrottledChannelReaper-Request]: Stopped
2026-01-24T19:43:12.804-03:00  INFO 25408 --- [personal-julius-api] [ster-test-kit-2] lientQuotaManager$ThrottledChannelReaper : [broker-0-ThrottledChannelReaper-Request]: Shutdown completed
2026-01-24T19:43:12.804-03:00  INFO 25408 --- [personal-julius-api] [ster-test-kit-2] lientQuotaManager$ThrottledChannelReaper : [broker-0-ThrottledChannelReaper-ControllerMutation]: Shutting down
2026-01-24T19:43:12.804-03:00  INFO 25408 --- [personal-julius-api] [ster-test-kit-2] lientQuotaManager$ThrottledChannelReaper : [broker-0-ThrottledChannelReaper-ControllerMutation]: Shutdown completed
2026-01-24T19:43:12.804-03:00  INFO 25408 --- [personal-julius-api] [trollerMutation] lientQuotaManager$ThrottledChannelReaper : [broker-0-ThrottledChannelReaper-ControllerMutation]: Stopped
2026-01-24T19:43:12.804-03:00  INFO 25408 --- [personal-julius-api] [ster-test-kit-2] kafka.network.SocketServer               : [SocketServer listenerType=BROKER, nodeId=0] Shutting down socket server
2026-01-24T19:43:12.818-03:00  INFO 25408 --- [personal-julius-api] [ster-test-kit-2] kafka.network.SocketServer               : [SocketServer listenerType=BROKER, nodeId=0] Shutdown completed
2026-01-24T19:43:12.818-03:00  INFO 25408 --- [personal-julius-api] [ster-test-kit-2] o.a.k.s.log.metrics.BrokerTopicStats     : Broker and topic stats closed
2026-01-24T19:43:12.818-03:00  INFO 25408 --- [personal-julius-api] [ster-test-kit-2] o.a.k.s.u.t.SystemTimerReaper$Reaper     : [share-group-lock-timeout-reaper]: Shutting down
2026-01-24T19:43:12.818-03:00  INFO 25408 --- [personal-julius-api] [-timeout-reaper] o.a.k.s.u.t.SystemTimerReaper$Reaper     : [share-group-lock-timeout-reaper]: Stopped
2026-01-24T19:43:12.819-03:00  INFO 25408 --- [personal-julius-api] [ster-test-kit-2] o.a.k.s.u.t.SystemTimerReaper$Reaper     : [share-group-lock-timeout-reaper]: Shutdown completed
2026-01-24T19:43:12.819-03:00  INFO 25408 --- [personal-julius-api] [ster-test-kit-2] k.s.s.p.PersisterStateManager$SendThread : [PersisterStateManager]: Shutting down
2026-01-24T19:43:12.820-03:00  INFO 25408 --- [personal-julius-api] [terStateManager] k.s.s.p.PersisterStateManager$SendThread : [PersisterStateManager]: Stopped
2026-01-24T19:43:12.820-03:00  INFO 25408 --- [personal-julius-api] [ster-test-kit-2] k.s.s.p.PersisterStateManager$SendThread : [PersisterStateManager]: Shutdown completed
2026-01-24T19:43:12.820-03:00  INFO 25408 --- [personal-julius-api] [ster-test-kit-2] o.a.k.s.u.t.SystemTimerReaper$Reaper     : [persister-state-manager-reaper]: Shutting down
2026-01-24T19:43:12.820-03:00  INFO 25408 --- [personal-julius-api] [-manager-reaper] o.a.k.s.u.t.SystemTimerReaper$Reaper     : [persister-state-manager-reaper]: Stopped
2026-01-24T19:43:12.820-03:00  INFO 25408 --- [personal-julius-api] [ster-test-kit-2] o.a.k.s.u.t.SystemTimerReaper$Reaper     : [persister-state-manager-reaper]: Shutdown completed
2026-01-24T19:43:12.821-03:00  INFO 25408 --- [personal-julius-api] [ster-test-kit-2] org.apache.kafka.queue.KafkaEventQueue   : [BrokerLifecycleManager id=0] closed event queue.
2026-01-24T19:43:12.821-03:00  INFO 25408 --- [personal-julius-api] [ster-test-kit-2] o.a.k.s.u.t.SystemTimerReaper$Reaper     : [client-metrics-reaper]: Shutting down
2026-01-24T19:43:12.821-03:00  INFO 25408 --- [personal-julius-api] [-metrics-reaper] o.a.k.s.u.t.SystemTimerReaper$Reaper     : [client-metrics-reaper]: Stopped
2026-01-24T19:43:12.821-03:00  INFO 25408 --- [personal-julius-api] [ster-test-kit-2] o.a.k.s.u.t.SystemTimerReaper$Reaper     : [client-metrics-reaper]: Shutdown completed
2026-01-24T19:43:12.821-03:00  INFO 25408 --- [personal-julius-api] [ster-test-kit-2] kafka.server.BrokerServer                : [BrokerServer id=0] shut down completed
2026-01-24T19:43:12.822-03:00  INFO 25408 --- [personal-julius-api] [ster-test-kit-2] kafka.server.BrokerServer                : [BrokerServer id=0] Transition from SHUTTING_DOWN to SHUTDOWN
2026-01-24T19:43:12.822-03:00  INFO 25408 --- [personal-julius-api] [ster-test-kit-1] kafka.server.ControllerServer            : [ControllerServer id=0] shutting down
2026-01-24T19:43:12.823-03:00  INFO 25408 --- [personal-julius-api] [ster-test-kit-1] ExpirationService$ExpiredOperationReaper : [raft-expiration-reaper]: Shutting down
2026-01-24T19:43:12.842-03:00  INFO 25408 --- [personal-julius-api] [piration-reaper] ExpirationService$ExpiredOperationReaper : [raft-expiration-reaper]: Stopped
2026-01-24T19:43:12.842-03:00  INFO 25408 --- [personal-julius-api] [ster-test-kit-1] ExpirationService$ExpiredOperationReaper : [raft-expiration-reaper]: Shutdown completed
2026-01-24T19:43:12.842-03:00  INFO 25408 --- [personal-julius-api] [ster-test-kit-1] o.a.kafka.raft.KafkaRaftClientDriver     : [kafka-0-raft-io-thread]: Shutting down
2026-01-24T19:43:12.842-03:00  INFO 25408 --- [personal-julius-api] [ster-test-kit-1] org.apache.kafka.raft.KafkaRaftClient    : [RaftManager id=0] Beginning graceful shutdown
2026-01-24T19:43:12.843-03:00  INFO 25408 --- [personal-julius-api] [-raft-io-thread] org.apache.kafka.raft.KafkaRaftClient    : [RaftManager id=0] Graceful shutdown completed
2026-01-24T19:43:12.844-03:00  INFO 25408 --- [personal-julius-api] [-raft-io-thread] o.a.kafka.raft.KafkaRaftClientDriver     : [RaftManager id=0] Completed graceful shutdown of RaftClient
2026-01-24T19:43:12.844-03:00  INFO 25408 --- [personal-julius-api] [-raft-io-thread] o.a.kafka.raft.KafkaRaftClientDriver     : [kafka-0-raft-io-thread]: Stopped
2026-01-24T19:43:12.844-03:00  INFO 25408 --- [personal-julius-api] [ster-test-kit-1] o.a.kafka.raft.KafkaRaftClientDriver     : [kafka-0-raft-io-thread]: Shutdown completed
2026-01-24T19:43:12.845-03:00  INFO 25408 --- [personal-julius-api] [ster-test-kit-1] o.a.k.r.KafkaNetworkChannel$SendThread   : [kafka-0-raft-outbound-request-thread]: Shutting down
2026-01-24T19:43:12.846-03:00  INFO 25408 --- [personal-julius-api] [-request-thread] o.a.k.r.KafkaNetworkChannel$SendThread   : [kafka-0-raft-outbound-request-thread]: Stopped
2026-01-24T19:43:12.846-03:00  INFO 25408 --- [personal-julius-api] [ster-test-kit-1] o.a.k.r.KafkaNetworkChannel$SendThread   : [kafka-0-raft-outbound-request-thread]: Shutdown completed
2026-01-24T19:43:12.847-03:00  INFO 25408 --- [personal-julius-api] [ster-test-kit-1] o.a.k.s.i.log.ProducerStateManager       : [ProducerStateManager partition=__cluster_metadata-0] Wrote producer snapshot at offset 56 with 0 producer ids in 1 ms.
2026-01-24T19:43:12.853-03:00  INFO 25408 --- [personal-julius-api] [ster-test-kit-1] org.apache.kafka.queue.KafkaEventQueue   : [ControllerRegistrationManager id=0 incarnation=q2o8v9YSRj-l4NU89MRc0Q] beginShutdown: shutting down event queue.
2026-01-24T19:43:12.854-03:00  INFO 25408 --- [personal-julius-api] [r-event-handler] k.server.ControllerRegistrationManager   : [ControllerRegistrationManager id=0 incarnation=q2o8v9YSRj-l4NU89MRc0Q] shutting down.
2026-01-24T19:43:12.854-03:00  INFO 25408 --- [personal-julius-api] [r-event-handler] k.server.NodeToControllerRequestThread   : [controller-0-to-controller-registration-channel-manager]: Shutting down
2026-01-24T19:43:12.854-03:00  INFO 25408 --- [personal-julius-api] [channel-manager] k.server.NodeToControllerRequestThread   : [controller-0-to-controller-registration-channel-manager]: Stopped
2026-01-24T19:43:12.854-03:00  INFO 25408 --- [personal-julius-api] [r-event-handler] k.server.NodeToControllerRequestThread   : [controller-0-to-controller-registration-channel-manager]: Shutdown completed
2026-01-24T19:43:12.854-03:00  INFO 25408 --- [personal-julius-api] [r-event-handler] k.s.NodeToControllerChannelManagerImpl   : Node to controller channel manager for registration shutdown
2026-01-24T19:43:12.855-03:00  INFO 25408 --- [personal-julius-api] [ster-test-kit-1] org.apache.kafka.queue.KafkaEventQueue   : [ControllerRegistrationManager id=0 incarnation=q2o8v9YSRj-l4NU89MRc0Q] closed event queue.
2026-01-24T19:43:12.855-03:00  INFO 25408 --- [personal-julius-api] [ster-test-kit-1] k.server.NodeToControllerRequestThread   : [controller-0-to-controller-registration-channel-manager]: Shutdown completed
2026-01-24T19:43:12.855-03:00  WARN 25408 --- [personal-julius-api] [ster-test-kit-1] org.apache.kafka.clients.NetworkClient   : [NodeToControllerChannelManager id=0 name=registration] Attempting to close NetworkClient that has already been closed.
2026-01-24T19:43:12.855-03:00  INFO 25408 --- [personal-julius-api] [ster-test-kit-1] k.s.NodeToControllerChannelManagerImpl   : Node to controller channel manager for registration shutdown
2026-01-24T19:43:12.856-03:00  INFO 25408 --- [personal-julius-api] [r-event-handler] org.apache.kafka.queue.KafkaEventQueue   : [ControllerRegistrationManager id=0 incarnation=q2o8v9YSRj-l4NU89MRc0Q] closed event queue.
2026-01-24T19:43:12.857-03:00  INFO 25408 --- [personal-julius-api] [ster-test-kit-1] kafka.network.SocketServer               : [SocketServer listenerType=CONTROLLER, nodeId=0] Stopping socket server request processors
2026-01-24T19:43:12.860-03:00  INFO 25408 --- [personal-julius-api] [ster-test-kit-1] kafka.network.SocketServer               : [SocketServer listenerType=CONTROLLER, nodeId=0] Stopped socket server request processors
2026-01-24T19:43:12.861-03:00  INFO 25408 --- [personal-julius-api] [ster-test-kit-1] org.apache.kafka.queue.KafkaEventQueue   : [QuorumController id=0] QuorumController#beginShutdown: shutting down event queue.
2026-01-24T19:43:12.861-03:00  INFO 25408 --- [personal-julius-api] [ster-test-kit-1] kafka.network.SocketServer               : [SocketServer listenerType=CONTROLLER, nodeId=0] Shutting down socket server
2026-01-24T19:43:12.862-03:00  INFO 25408 --- [personal-julius-api] [0-event-handler] o.a.kafka.controller.QuorumController    : [QuorumController id=0] maybeFenceStaleBroker: event unable to start processing because of RejectedExecutionException (treated as TimeoutException). Exception message: The event queue is shutting down
2026-01-24T19:43:12.863-03:00  INFO 25408 --- [personal-julius-api] [0-event-handler] o.a.kafka.controller.QuorumController    : [QuorumController id=0] writeNoOpRecord: event unable to start processing because of RejectedExecutionException (treated as TimeoutException). Exception message: The event queue is shutting down
2026-01-24T19:43:12.863-03:00  INFO 25408 --- [personal-julius-api] [0-event-handler] o.a.kafka.controller.QuorumController    : [QuorumController id=0] generatePeriodicPerformanceMessage: event unable to start processing because of RejectedExecutionException (treated as TimeoutException). Exception message: The event queue is shutting down
2026-01-24T19:43:12.863-03:00  INFO 25408 --- [personal-julius-api] [0-event-handler] o.a.kafka.controller.QuorumController    : [QuorumController id=0] electPreferred: event unable to start processing because of RejectedExecutionException (treated as TimeoutException). Exception message: The event queue is shutting down
2026-01-24T19:43:12.863-03:00  INFO 25408 --- [personal-julius-api] [0-event-handler] o.a.kafka.controller.QuorumController    : [QuorumController id=0] electUnclean: event unable to start processing because of RejectedExecutionException (treated as TimeoutException). Exception message: The event queue is shutting down
2026-01-24T19:43:12.863-03:00  INFO 25408 --- [personal-julius-api] [0-event-handler] o.a.kafka.controller.QuorumController    : [QuorumController id=0] expireDelegationTokens: event unable to start processing because of RejectedExecutionException (treated as TimeoutException). Exception message: The event queue is shutting down
2026-01-24T19:43:12.864-03:00  INFO 25408 --- [personal-julius-api] [ster-test-kit-1] kafka.network.SocketServer               : [SocketServer listenerType=CONTROLLER, nodeId=0] Shutdown completed
2026-01-24T19:43:12.865-03:00  INFO 25408 --- [personal-julius-api] [ster-test-kit-1] kafka.server.KafkaRequestHandlerPool     : [data-plane Kafka Request Handler on Controller 0] shutting down
2026-01-24T19:43:12.865-03:00  INFO 25408 --- [personal-julius-api] [ster-test-kit-1] kafka.server.KafkaRequestHandlerPool     : [data-plane Kafka Request Handler on Controller 0] shut down completely
2026-01-24T19:43:12.866-03:00  INFO 25408 --- [personal-julius-api] [ster-test-kit-1] perationPurgatory$ExpiredOperationReaper : [ExpirationReaper-0-AlterAcls]: Shutting down
2026-01-24T19:43:12.866-03:00  INFO 25408 --- [personal-julius-api] [per-0-AlterAcls] perationPurgatory$ExpiredOperationReaper : [ExpirationReaper-0-AlterAcls]: Stopped
2026-01-24T19:43:12.866-03:00  INFO 25408 --- [personal-julius-api] [ster-test-kit-1] perationPurgatory$ExpiredOperationReaper : [ExpirationReaper-0-AlterAcls]: Shutdown completed
2026-01-24T19:43:12.867-03:00  INFO 25408 --- [personal-julius-api] [ster-test-kit-1] lientQuotaManager$ThrottledChannelReaper : [controller-0-ThrottledChannelReaper-Fetch]: Shutting down
2026-01-24T19:43:12.867-03:00  INFO 25408 --- [personal-julius-api] [ster-test-kit-1] lientQuotaManager$ThrottledChannelReaper : [controller-0-ThrottledChannelReaper-Fetch]: Shutdown completed
2026-01-24T19:43:12.867-03:00  INFO 25408 --- [personal-julius-api] [nelReaper-Fetch] lientQuotaManager$ThrottledChannelReaper : [controller-0-ThrottledChannelReaper-Fetch]: Stopped
2026-01-24T19:43:12.867-03:00  INFO 25408 --- [personal-julius-api] [ster-test-kit-1] lientQuotaManager$ThrottledChannelReaper : [controller-0-ThrottledChannelReaper-Produce]: Shutting down
2026-01-24T19:43:12.868-03:00  INFO 25408 --- [personal-julius-api] [ster-test-kit-1] lientQuotaManager$ThrottledChannelReaper : [controller-0-ThrottledChannelReaper-Produce]: Shutdown completed
2026-01-24T19:43:12.868-03:00  INFO 25408 --- [personal-julius-api] [lReaper-Produce] lientQuotaManager$ThrottledChannelReaper : [controller-0-ThrottledChannelReaper-Produce]: Stopped
2026-01-24T19:43:12.868-03:00  INFO 25408 --- [personal-julius-api] [ster-test-kit-1] lientQuotaManager$ThrottledChannelReaper : [controller-0-ThrottledChannelReaper-Request]: Shutting down
2026-01-24T19:43:12.868-03:00  INFO 25408 --- [personal-julius-api] [lReaper-Request] lientQuotaManager$ThrottledChannelReaper : [controller-0-ThrottledChannelReaper-Request]: Stopped
2026-01-24T19:43:12.868-03:00  INFO 25408 --- [personal-julius-api] [ster-test-kit-1] lientQuotaManager$ThrottledChannelReaper : [controller-0-ThrottledChannelReaper-Request]: Shutdown completed
2026-01-24T19:43:12.868-03:00  INFO 25408 --- [personal-julius-api] [ster-test-kit-1] lientQuotaManager$ThrottledChannelReaper : [controller-0-ThrottledChannelReaper-ControllerMutation]: Shutting down
2026-01-24T19:43:12.868-03:00  INFO 25408 --- [personal-julius-api] [ster-test-kit-1] lientQuotaManager$ThrottledChannelReaper : [controller-0-ThrottledChannelReaper-ControllerMutation]: Shutdown completed
2026-01-24T19:43:12.868-03:00  INFO 25408 --- [personal-julius-api] [trollerMutation] lientQuotaManager$ThrottledChannelReaper : [controller-0-ThrottledChannelReaper-ControllerMutation]: Stopped
2026-01-24T19:43:12.868-03:00  INFO 25408 --- [personal-julius-api] [ster-test-kit-1] org.apache.kafka.queue.KafkaEventQueue   : [QuorumController id=0] closed event queue.
2026-01-24T19:43:12.870-03:00  INFO 25408 --- [personal-julius-api] [ster-test-kit-1] kafka.server.SharedServer                : [SharedServer id=0] Stopping SharedServer
2026-01-24T19:43:12.871-03:00  INFO 25408 --- [personal-julius-api] [ster-test-kit-1] org.apache.kafka.queue.KafkaEventQueue   : [MetadataLoader id=0] beginShutdown: shutting down event queue.
2026-01-24T19:43:12.871-03:00  INFO 25408 --- [personal-julius-api] [r-event-handler] org.apache.kafka.queue.KafkaEventQueue   : [SnapshotGenerator id=0] close: shutting down event queue.
2026-01-24T19:43:12.871-03:00  INFO 25408 --- [personal-julius-api] [r-event-handler] org.apache.kafka.queue.KafkaEventQueue   : [SnapshotGenerator id=0] closed event queue.
2026-01-24T19:43:12.871-03:00  INFO 25408 --- [personal-julius-api] [ster-test-kit-1] org.apache.kafka.queue.KafkaEventQueue   : [MetadataLoader id=0] closed event queue.
2026-01-24T19:43:12.871-03:00  INFO 25408 --- [personal-julius-api] [ster-test-kit-1] org.apache.kafka.queue.KafkaEventQueue   : [SnapshotGenerator id=0] closed event queue.
2026-01-24T19:43:12.873-03:00  INFO 25408 --- [personal-julius-api] [ster-test-kit-1] o.apache.kafka.common.metrics.Metrics    : Metrics scheduler closed
2026-01-24T19:43:12.873-03:00  INFO 25408 --- [personal-julius-api] [ster-test-kit-1] o.apache.kafka.common.metrics.Metrics    : Closing reporter org.apache.kafka.common.metrics.JmxReporter
2026-01-24T19:43:12.873-03:00  INFO 25408 --- [personal-julius-api] [ster-test-kit-1] o.apache.kafka.common.metrics.Metrics    : Metrics reporters closed
2026-01-24T19:43:12.873-03:00  INFO 25408 --- [personal-julius-api] [ster-test-kit-1] o.a.kafka.common.utils.AppInfoParser     : App info kafka.server for 0 unregistered
2026-01-24T19:43:12.885-03:00  INFO 25408 --- [personal-julius-api] [           main] j.LocalContainerEntityManagerFactoryBean : Closing JPA EntityManagerFactory for persistence unit 'default'
2026-01-24T19:43:12.886-03:00 DEBUG 25408 --- [personal-julius-api] [           main] org.hibernate.SQL                        : 
    drop table if exists transactions cascade 
Hibernate: 
    drop table if exists transactions cascade 
2026-01-24T19:43:12.888-03:00 DEBUG 25408 --- [personal-julius-api] [           main] org.hibernate.SQL                        : 
    drop table if exists users cascade 
Hibernate: 
    drop table if exists users cascade 
2026-01-24T19:43:12.893-03:00  INFO 25408 --- [personal-julius-api] [           main] com.zaxxer.hikari.HikariDataSource       : HikariPool-1 - Shutdown initiated...
2026-01-24T19:43:12.895-03:00  INFO 25408 --- [personal-julius-api] [           main] com.zaxxer.hikari.HikariDataSource       : HikariPool-1 - Shutdown completed.
[ERROR] Tests run: 1, Failures: 1, Errors: 0, Skipped: 0, Time elapsed: 22.12 s <<< FAILURE! -- in nttdata.personal.julius.api.infrastructure.messaging.kafka.KafkaIntegrationTest
[ERROR] nttdata.personal.julius.api.infrastructure.messaging.kafka.KafkaIntegrationTest.shouldProcessAndApproveTransactionViaKafka -- Time elapsed: 10.90 s <<< FAILURE!
java.lang.AssertionError: O status deveria ser APPROVED, mas o cache do JPA ou atraso no Kafka manteve como PENDING
	at nttdata.personal.julius.api.infrastructure.messaging.kafka.KafkaIntegrationTest.shouldProcessAndApproveTransactionViaKafka(KafkaIntegrationTest.java:77)

2026-01-24T19:43:12.903-03:00  INFO 25408 --- [personal-julius-api] [           main] GlobalEmbeddedKafkaTestExecutionListener : Stopped global Embedded Kafka.
[INFO] 
[INFO] Results:
[INFO] 
[ERROR] Failures: 
[ERROR]   KafkaIntegrationTest.shouldProcessAndApproveTransactionViaKafka:77 O status deveria ser APPROVED, mas o cache do JPA ou atraso no Kafka manteve como PENDING
[INFO] 
[ERROR] Tests run: 1, Failures: 1, Errors: 0, Skipped: 0
[INFO] 
[INFO] ------------------------------------------------------------------------
[INFO] BUILD FAILURE
[INFO] ------------------------------------------------------------------------
[INFO] Total time:  25.798 s
[INFO] Finished at: 2026-01-24T19:43:13-03:00
[INFO] ------------------------------------------------------------------------
[ERROR] Failed to execute goal org.apache.maven.plugins:maven-surefire-plugin:3.5.4:test (default-test) on project personal-julius-api: There are test failures.
[ERROR] 
[ERROR] See C:\Users\isa\NTTData\target\surefire-reports for the individual test results.
[ERROR] See dump files (if any exist) [date].dump, [date]-jvmRun[N].dump and [date].dumpstream.
[ERROR] -> [Help 1]
[ERROR] 
[ERROR] To see the full stack trace of the errors, re-run Maven with the -e switch.
[ERROR] Re-run Maven using the -X switch to enable full debug logging.
[ERROR] 
[ERROR] For more information about the errors and possible solutions, please read the following articles:
[ERROR] [Help 1] http://cwiki.apache.org/confluence/display/MAVEN/MojoFailureException
